ligands_pdbqt_diffdock/153Sm_EDTMP.pdbqt
ligands_pdbqt_diffdock/99mTc_tetrofosmin.pdbqt
ligands_pdbqt_diffdock/ABIRATERONE.pdbqt
ligands_pdbqt_diffdock/ABT_335.pdbqt
ligands_pdbqt_diffdock/ACECLIDINE.pdbqt
ligands_pdbqt_diffdock/ALCURONIUM.pdbqt
ligands_pdbqt_diffdock/ANGIOTENSIN_II.pdbqt
ligands_pdbqt_diffdock/ARN_509.pdbqt
ligands_pdbqt_diffdock/ARRY_162.pdbqt
ligands_pdbqt_diffdock/ARZOXIFENE.pdbqt
ligands_pdbqt_diffdock/AS_1670542.pdbqt
ligands_pdbqt_diffdock/Abacavir.pdbqt
ligands_pdbqt_diffdock/Abiraterone_acetate.pdbqt
ligands_pdbqt_diffdock/Abrocitinib.pdbqt
ligands_pdbqt_diffdock/Acalabrutinib.pdbqt
ligands_pdbqt_diffdock/Acarbose.pdbqt
ligands_pdbqt_diffdock/Acebutolol.pdbqt
ligands_pdbqt_diffdock/Aceclofenac.pdbqt
ligands_pdbqt_diffdock/Acenocoumarol.pdbqt
ligands_pdbqt_diffdock/Aceprometazine.pdbqt
ligands_pdbqt_diffdock/Acetazolamide.pdbqt
ligands_pdbqt_diffdock/Acetophenazine.pdbqt
ligands_pdbqt_diffdock/Acetrizoate_Sodium.pdbqt
ligands_pdbqt_diffdock/Acetyldigitoxin.pdbqt
ligands_pdbqt_diffdock/Aciclovir.pdbqt
ligands_pdbqt_diffdock/Acipimox.pdbqt
ligands_pdbqt_diffdock/Acitazanolast.pdbqt
ligands_pdbqt_diffdock/Acitretin.pdbqt
ligands_pdbqt_diffdock/Aclarubicin.pdbqt
ligands_pdbqt_diffdock/Aclidinium.pdbqt
ligands_pdbqt_diffdock/Acocantherin.pdbqt
ligands_pdbqt_diffdock/Acrisorcin.pdbqt
ligands_pdbqt_diffdock/Acrivastine.pdbqt
ligands_pdbqt_diffdock/Actarit.pdbqt
ligands_pdbqt_diffdock/Adagrasib.pdbqt
ligands_pdbqt_diffdock/Adapalene.pdbqt
ligands_pdbqt_diffdock/Adefovir_Dipivoxil.pdbqt
ligands_pdbqt_diffdock/Ademetionine.pdbqt
ligands_pdbqt_diffdock/Adenine.pdbqt
ligands_pdbqt_diffdock/Adenosine.pdbqt
ligands_pdbqt_diffdock/Adenosine_monophosphate.pdbqt
ligands_pdbqt_diffdock/Adenosine_triphosphate.pdbqt
ligands_pdbqt_diffdock/Adinazolam.pdbqt
ligands_pdbqt_diffdock/Agrimophol.pdbqt
ligands_pdbqt_diffdock/Ajmalicine.pdbqt
ligands_pdbqt_diffdock/Ajmaline.pdbqt
ligands_pdbqt_diffdock/Alacepril.pdbqt
ligands_pdbqt_diffdock/Alatrofloxacin_mesylate.pdbqt
ligands_pdbqt_diffdock/Albendazole.pdbqt
ligands_pdbqt_diffdock/Alcaftadine.pdbqt
ligands_pdbqt_diffdock/Alclofenac.pdbqt
ligands_pdbqt_diffdock/Alclometasone.pdbqt
ligands_pdbqt_diffdock/Aldosterone.pdbqt
ligands_pdbqt_diffdock/Alectinib.pdbqt
ligands_pdbqt_diffdock/Alendronate.pdbqt
ligands_pdbqt_diffdock/Alfentanil.pdbqt
ligands_pdbqt_diffdock/Alfuzosin.pdbqt
ligands_pdbqt_diffdock/Aliskiren.pdbqt
ligands_pdbqt_diffdock/Alitretinoin.pdbqt
ligands_pdbqt_diffdock/Alizapride.pdbqt
ligands_pdbqt_diffdock/Alloferon.pdbqt
ligands_pdbqt_diffdock/Allopregnanolone.pdbqt
ligands_pdbqt_diffdock/Allopurinol.pdbqt
ligands_pdbqt_diffdock/Almitrine.pdbqt
ligands_pdbqt_diffdock/Almogran.pdbqt
ligands_pdbqt_diffdock/Alogliptin.pdbqt
ligands_pdbqt_diffdock/Alogliptin_metformin.pdbqt
ligands_pdbqt_diffdock/Alogliptin_pioglitazone.pdbqt
ligands_pdbqt_diffdock/Alosetron.pdbqt
ligands_pdbqt_diffdock/Alpelisib.pdbqt
ligands_pdbqt_diffdock/Alpha_1_PI.pdbqt
ligands_pdbqt_diffdock/Alpha_acetyldigoxin.pdbqt
ligands_pdbqt_diffdock/Alphaprodine.pdbqt
ligands_pdbqt_diffdock/Alprazolam.pdbqt
ligands_pdbqt_diffdock/Alprostadil.pdbqt
ligands_pdbqt_diffdock/Alvimopan.pdbqt
ligands_pdbqt_diffdock/Ambenonium.pdbqt
ligands_pdbqt_diffdock/Ambrisentan.pdbqt
ligands_pdbqt_diffdock/Amcinonide.pdbqt
ligands_pdbqt_diffdock/Amdinocillin.pdbqt
ligands_pdbqt_diffdock/Amezinium.pdbqt
ligands_pdbqt_diffdock/Amifostine.pdbqt
ligands_pdbqt_diffdock/Amikacin.pdbqt
ligands_pdbqt_diffdock/Aminoglutethimide.pdbqt
ligands_pdbqt_diffdock/Aminohippurate_sodium.pdbqt
ligands_pdbqt_diffdock/Aminophylline.pdbqt
ligands_pdbqt_diffdock/Amiodarone.pdbqt
ligands_pdbqt_diffdock/Amisulpride.pdbqt
ligands_pdbqt_diffdock/Amlexanox.pdbqt
ligands_pdbqt_diffdock/Amlodipine.pdbqt
ligands_pdbqt_diffdock/Amobarbital.pdbqt
ligands_pdbqt_diffdock/Amodiaquine.pdbqt
ligands_pdbqt_diffdock/Amorolfine.pdbqt
ligands_pdbqt_diffdock/Amosulalol.pdbqt
ligands_pdbqt_diffdock/Amoxicillin.pdbqt
ligands_pdbqt_diffdock/Amphotericin_B.pdbqt
ligands_pdbqt_diffdock/Ampicillin.pdbqt
ligands_pdbqt_diffdock/Ampiroxicam.pdbqt
ligands_pdbqt_diffdock/Amprenavir.pdbqt
ligands_pdbqt_diffdock/Amtolmetin_guacil.pdbqt
ligands_pdbqt_diffdock/Anagliptin.pdbqt
ligands_pdbqt_diffdock/Anagrelide.pdbqt
ligands_pdbqt_diffdock/Anastrozole.pdbqt
ligands_pdbqt_diffdock/Andrographolide.pdbqt
ligands_pdbqt_diffdock/Anecortave_acetate.pdbqt
ligands_pdbqt_diffdock/Anidulafungin.pdbqt
ligands_pdbqt_diffdock/Anileridine.pdbqt
ligands_pdbqt_diffdock/Anileridine_Hydrochloride.pdbqt
ligands_pdbqt_diffdock/Aniracetam.pdbqt
ligands_pdbqt_diffdock/Anisindione.pdbqt
ligands_pdbqt_diffdock/Anisodamine.pdbqt
ligands_pdbqt_diffdock/Anisodine.pdbqt
ligands_pdbqt_diffdock/Apalcillin_sodium.pdbqt
ligands_pdbqt_diffdock/Apixaban.pdbqt
ligands_pdbqt_diffdock/Apomorphine.pdbqt
ligands_pdbqt_diffdock/Apraclonidine.pdbqt
ligands_pdbqt_diffdock/Apremilast.pdbqt
ligands_pdbqt_diffdock/Aprepitant.pdbqt
ligands_pdbqt_diffdock/Aprobarbital.pdbqt
ligands_pdbqt_diffdock/Arbekacin.pdbqt
ligands_pdbqt_diffdock/Arbidol.pdbqt
ligands_pdbqt_diffdock/Arbutamine.pdbqt
ligands_pdbqt_diffdock/Arformoterol.pdbqt
ligands_pdbqt_diffdock/Argatroban.pdbqt
ligands_pdbqt_diffdock/Arginine.pdbqt
ligands_pdbqt_diffdock/Arglabin.pdbqt
ligands_pdbqt_diffdock/Aripiprazole.pdbqt
ligands_pdbqt_diffdock/Armodafinil.pdbqt
ligands_pdbqt_diffdock/Arsenic_trioxide.pdbqt
ligands_pdbqt_diffdock/Artemisinin.pdbqt
ligands_pdbqt_diffdock/Artesunate.pdbqt
ligands_pdbqt_diffdock/Asciminib.pdbqt
ligands_pdbqt_diffdock/Asenapine.pdbqt
ligands_pdbqt_diffdock/Asiaticoside.pdbqt
ligands_pdbqt_diffdock/Aspoxicillin.pdbqt
ligands_pdbqt_diffdock/Astromycin_sulfate.pdbqt
ligands_pdbqt_diffdock/Atazanavir.pdbqt
ligands_pdbqt_diffdock/Atenolol.pdbqt
ligands_pdbqt_diffdock/Atogepant.pdbqt
ligands_pdbqt_diffdock/Atorvastatin.pdbqt
ligands_pdbqt_diffdock/Atovaquone.pdbqt
ligands_pdbqt_diffdock/Atracurium.pdbqt
ligands_pdbqt_diffdock/Atropine.pdbqt
ligands_pdbqt_diffdock/Auranofin.pdbqt
ligands_pdbqt_diffdock/Avanafil.pdbqt
ligands_pdbqt_diffdock/Avapritinib.pdbqt
ligands_pdbqt_diffdock/Axitinib.pdbqt
ligands_pdbqt_diffdock/Azacitidine.pdbqt
ligands_pdbqt_diffdock/Azanidazole.pdbqt
ligands_pdbqt_diffdock/Azaribine.pdbqt
ligands_pdbqt_diffdock/Azatadine.pdbqt
ligands_pdbqt_diffdock/Azathioprine.pdbqt
ligands_pdbqt_diffdock/Azelaic_Acid.pdbqt
ligands_pdbqt_diffdock/Azilsartan.pdbqt
ligands_pdbqt_diffdock/Azlocillin.pdbqt
ligands_pdbqt_diffdock/Azosemide.pdbqt
ligands_pdbqt_diffdock/Aztreonam.pdbqt
ligands_pdbqt_diffdock/BAY_80_6946.pdbqt
ligands_pdbqt_diffdock/BETRIXABAN.pdbqt
ligands_pdbqt_diffdock/BIBW_2992.pdbqt
ligands_pdbqt_diffdock/BOCEPREVIR.pdbqt
ligands_pdbqt_diffdock/BOL_303259_X.pdbqt
ligands_pdbqt_diffdock/B_Lactams.pdbqt
ligands_pdbqt_diffdock/Bacampicillin.pdbqt
ligands_pdbqt_diffdock/Balofloxacin.pdbqt
ligands_pdbqt_diffdock/Baloxavir_marboxil.pdbqt
ligands_pdbqt_diffdock/Balsalazide.pdbqt
ligands_pdbqt_diffdock/Bambuterol.pdbqt
ligands_pdbqt_diffdock/Bamifylline.pdbqt
ligands_pdbqt_diffdock/Barbital.pdbqt
ligands_pdbqt_diffdock/Baricitinib.pdbqt
ligands_pdbqt_diffdock/Bazedoxifene.pdbqt
ligands_pdbqt_diffdock/Beclomethasone.pdbqt
ligands_pdbqt_diffdock/Bedaquiline.pdbqt
ligands_pdbqt_diffdock/Befunolol_hci.pdbqt
ligands_pdbqt_diffdock/Belumosudil.pdbqt
ligands_pdbqt_diffdock/Belzutifan.pdbqt
ligands_pdbqt_diffdock/Bemetizide.pdbqt
ligands_pdbqt_diffdock/Bempedoic_acid.pdbqt
ligands_pdbqt_diffdock/Benazepril.pdbqt
ligands_pdbqt_diffdock/Bendamustine_hydrochloride.pdbqt
ligands_pdbqt_diffdock/Bendroflumethiazide.pdbqt
ligands_pdbqt_diffdock/Benorilate.pdbqt
ligands_pdbqt_diffdock/Benperidol.pdbqt
ligands_pdbqt_diffdock/Bentiromide.pdbqt
ligands_pdbqt_diffdock/Bentoquatam.pdbqt
ligands_pdbqt_diffdock/Benzbromarone.pdbqt
ligands_pdbqt_diffdock/Benznidazole.pdbqt
ligands_pdbqt_diffdock/Benzonatate.pdbqt
ligands_pdbqt_diffdock/Benzquinamide.pdbqt
ligands_pdbqt_diffdock/Benzthiazide.pdbqt
ligands_pdbqt_diffdock/Benzylpenicilloyl_Polylysine.pdbqt
ligands_pdbqt_diffdock/Bepotastine.pdbqt
ligands_pdbqt_diffdock/Berotralstat.pdbqt
ligands_pdbqt_diffdock/Besifloxacin.pdbqt
ligands_pdbqt_diffdock/Bestatin.pdbqt
ligands_pdbqt_diffdock/Beta_acetyldigoxin.pdbqt
ligands_pdbqt_diffdock/Beta_carotene.pdbqt
ligands_pdbqt_diffdock/Betamethasone.pdbqt
ligands_pdbqt_diffdock/Betamethasone_Benzoate.pdbqt
ligands_pdbqt_diffdock/Betamethasone_Valerate.pdbqt
ligands_pdbqt_diffdock/Betamethasone_butyrate_propion.pdbqt
ligands_pdbqt_diffdock/Betaxolol.pdbqt
ligands_pdbqt_diffdock/Bevantolol.pdbqt
ligands_pdbqt_diffdock/Bexagliflozin.pdbqt
ligands_pdbqt_diffdock/Bexarotene.pdbqt
ligands_pdbqt_diffdock/Bezafibrate.pdbqt
ligands_pdbqt_diffdock/Biapenem.pdbqt
ligands_pdbqt_diffdock/Bicalutamide.pdbqt
ligands_pdbqt_diffdock/Bictegravir_emtricitabine_and_tenofovir_alafenamide.pdbqt
ligands_pdbqt_diffdock/Bifonazole.pdbqt
ligands_pdbqt_diffdock/Bimatoprost.pdbqt
ligands_pdbqt_diffdock/Biolimus_a9.pdbqt
ligands_pdbqt_diffdock/Bisoprolol.pdbqt
ligands_pdbqt_diffdock/Bitolterol.pdbqt
ligands_pdbqt_diffdock/Bleomycin.pdbqt
ligands_pdbqt_diffdock/Bopindolol.pdbqt
ligands_pdbqt_diffdock/Boric_acid.pdbqt
ligands_pdbqt_diffdock/Bortezomib.pdbqt
ligands_pdbqt_diffdock/Bosentan.pdbqt
ligands_pdbqt_diffdock/Bosutinib.pdbqt
ligands_pdbqt_diffdock/Bremelanotide.pdbqt
ligands_pdbqt_diffdock/Brigatinib.pdbqt
ligands_pdbqt_diffdock/Brilinta.pdbqt
ligands_pdbqt_diffdock/Brilliant_Blue_G_Ophthalmic_Solution.pdbqt
ligands_pdbqt_diffdock/Brimonidine.pdbqt
ligands_pdbqt_diffdock/Brinzolamide.pdbqt
ligands_pdbqt_diffdock/Brivaracetam.pdbqt
ligands_pdbqt_diffdock/Brodimoprim.pdbqt
ligands_pdbqt_diffdock/Bromazepam.pdbqt
ligands_pdbqt_diffdock/Bromfenac.pdbqt
ligands_pdbqt_diffdock/Bromocriptine.pdbqt
ligands_pdbqt_diffdock/Bromodiphenhydramine.pdbqt
ligands_pdbqt_diffdock/Bromopride.pdbqt
ligands_pdbqt_diffdock/Bromperidol.pdbqt
ligands_pdbqt_diffdock/Brovincamine_fumarate.pdbqt
ligands_pdbqt_diffdock/Bucladesine_sodium.pdbqt
ligands_pdbqt_diffdock/Buclizine.pdbqt
ligands_pdbqt_diffdock/Budesonide.pdbqt
ligands_pdbqt_diffdock/Budipine.pdbqt
ligands_pdbqt_diffdock/Bufexamac.pdbqt
ligands_pdbqt_diffdock/Buflomedil.pdbqt
ligands_pdbqt_diffdock/Bumetanide.pdbqt
ligands_pdbqt_diffdock/Bunazosin.pdbqt
ligands_pdbqt_diffdock/Buprenorphine.pdbqt
ligands_pdbqt_diffdock/Buprenorphine_naloxone.pdbqt
ligands_pdbqt_diffdock/Buserelin_acetate.pdbqt
ligands_pdbqt_diffdock/Buspirone.pdbqt
ligands_pdbqt_diffdock/Busulfan.pdbqt
ligands_pdbqt_diffdock/Butabarbital.pdbqt
ligands_pdbqt_diffdock/Butacaine.pdbqt
ligands_pdbqt_diffdock/Butalbital.pdbqt
ligands_pdbqt_diffdock/Butethal.pdbqt
ligands_pdbqt_diffdock/Butizide.pdbqt
ligands_pdbqt_diffdock/Butoconazole.pdbqt
ligands_pdbqt_diffdock/Butorphanol.pdbqt
ligands_pdbqt_diffdock/Butylscopolamine.pdbqt
ligands_pdbqt_diffdock/Cabergoline.pdbqt
ligands_pdbqt_diffdock/Cabozantinib.pdbqt
ligands_pdbqt_diffdock/Cadralazine.pdbqt
ligands_pdbqt_diffdock/Caffeine.pdbqt
ligands_pdbqt_diffdock/Calcidiol.pdbqt
ligands_pdbqt_diffdock/Calcipotriol.pdbqt
ligands_pdbqt_diffdock/Calcitriol.pdbqt
ligands_pdbqt_diffdock/Calcium_Acetate.pdbqt
ligands_pdbqt_diffdock/Calcium_Gluceptate.pdbqt
ligands_pdbqt_diffdock/Calcium_dobesilate.pdbqt
ligands_pdbqt_diffdock/Calcium_levofolinate.pdbqt
ligands_pdbqt_diffdock/Canagliflozin.pdbqt
ligands_pdbqt_diffdock/Candesartan.pdbqt
ligands_pdbqt_diffdock/Candicidin.pdbqt
ligands_pdbqt_diffdock/Cangrelor.pdbqt
ligands_pdbqt_diffdock/Cannabidiol.pdbqt
ligands_pdbqt_diffdock/Capecitabine.pdbqt
ligands_pdbqt_diffdock/Capivasertib.pdbqt
ligands_pdbqt_diffdock/Capmatinib.pdbqt
ligands_pdbqt_diffdock/Capreomycin.pdbqt
ligands_pdbqt_diffdock/Capsaicin.pdbqt
ligands_pdbqt_diffdock/Carbazochrome_salicylate.pdbqt
ligands_pdbqt_diffdock/Carbenicillin.pdbqt
ligands_pdbqt_diffdock/Carbenicillin_Indanyl_Sodium.pdbqt
ligands_pdbqt_diffdock/Carbetapentane.pdbqt
ligands_pdbqt_diffdock/Carbetocin.pdbqt
ligands_pdbqt_diffdock/Carbidopa.pdbqt
ligands_pdbqt_diffdock/Carbocisteine.pdbqt
ligands_pdbqt_diffdock/Carboprost_Tromethamine.pdbqt
ligands_pdbqt_diffdock/Careram.pdbqt
ligands_pdbqt_diffdock/Carfilzomib.pdbqt
ligands_pdbqt_diffdock/Cariprazine.pdbqt
ligands_pdbqt_diffdock/Carphenazine.pdbqt
ligands_pdbqt_diffdock/Carprofen.pdbqt
ligands_pdbqt_diffdock/Carumonam.pdbqt
ligands_pdbqt_diffdock/Carvedilol.pdbqt
ligands_pdbqt_diffdock/Carzinophilin.pdbqt
ligands_pdbqt_diffdock/Cefacetrile.pdbqt
ligands_pdbqt_diffdock/Cefaclor.pdbqt
ligands_pdbqt_diffdock/Cefadroxil.pdbqt
ligands_pdbqt_diffdock/Cefalotin.pdbqt
ligands_pdbqt_diffdock/Cefamandole.pdbqt
ligands_pdbqt_diffdock/Cefatrizine.pdbqt
ligands_pdbqt_diffdock/Cefazolin.pdbqt
ligands_pdbqt_diffdock/Cefbuperazone_sodium.pdbqt
ligands_pdbqt_diffdock/Cefcapene_pivoxil.pdbqt
ligands_pdbqt_diffdock/Cefdinir.pdbqt
ligands_pdbqt_diffdock/Cefditoren.pdbqt
ligands_pdbqt_diffdock/Cefepime.pdbqt
ligands_pdbqt_diffdock/Cefetamet_pivoxil_hcl.pdbqt
ligands_pdbqt_diffdock/Cefiderocol.pdbqt
ligands_pdbqt_diffdock/Cefixime.pdbqt
ligands_pdbqt_diffdock/Cefmenoxime.pdbqt
ligands_pdbqt_diffdock/Cefmetazole.pdbqt
ligands_pdbqt_diffdock/Cefminox_sodium.pdbqt
ligands_pdbqt_diffdock/Cefodizime_sodium.pdbqt
ligands_pdbqt_diffdock/Cefonicid.pdbqt
ligands_pdbqt_diffdock/Cefoperazone.pdbqt
ligands_pdbqt_diffdock/Ceforanide.pdbqt
ligands_pdbqt_diffdock/Cefoselis.pdbqt
ligands_pdbqt_diffdock/Cefotaxime.pdbqt
ligands_pdbqt_diffdock/Cefotetan.pdbqt
ligands_pdbqt_diffdock/Cefotiam.pdbqt
ligands_pdbqt_diffdock/Cefoxitin.pdbqt
ligands_pdbqt_diffdock/Cefozopran.pdbqt
ligands_pdbqt_diffdock/Cefpiramide.pdbqt
ligands_pdbqt_diffdock/Cefpirome_sulfate.pdbqt
ligands_pdbqt_diffdock/Cefpodoxime.pdbqt
ligands_pdbqt_diffdock/Cefprozil.pdbqt
ligands_pdbqt_diffdock/Cefradine.pdbqt
ligands_pdbqt_diffdock/Cefroxadine.pdbqt
ligands_pdbqt_diffdock/Cefsoludin_sodium.pdbqt
ligands_pdbqt_diffdock/Cefsulodin.pdbqt
ligands_pdbqt_diffdock/Ceftazidime.pdbqt
ligands_pdbqt_diffdock/Cefteram_pivoxil.pdbqt
ligands_pdbqt_diffdock/Ceftezole.pdbqt
ligands_pdbqt_diffdock/Ceftibuten.pdbqt
ligands_pdbqt_diffdock/Ceftiofur.pdbqt
ligands_pdbqt_diffdock/Ceftizoxime.pdbqt
ligands_pdbqt_diffdock/Ceftriaxone.pdbqt
ligands_pdbqt_diffdock/Cefuroxime.pdbqt
ligands_pdbqt_diffdock/Cefuzonam_sodium.pdbqt
ligands_pdbqt_diffdock/Celiprolol_hcl.pdbqt
ligands_pdbqt_diffdock/Cenestin.pdbqt
ligands_pdbqt_diffdock/Cenobamate.pdbqt
ligands_pdbqt_diffdock/Cephalexin.pdbqt
ligands_pdbqt_diffdock/Cephaloglycin.pdbqt
ligands_pdbqt_diffdock/Cephalosporin.pdbqt
ligands_pdbqt_diffdock/Cephalothin_Sodium.pdbqt
ligands_pdbqt_diffdock/Cephapirin.pdbqt
ligands_pdbqt_diffdock/Ceritinib.pdbqt
ligands_pdbqt_diffdock/Cerulenin.pdbqt
ligands_pdbqt_diffdock/Ceruletide.pdbqt
ligands_pdbqt_diffdock/Cetirizine.pdbqt
ligands_pdbqt_diffdock/Cetraxate.pdbqt
ligands_pdbqt_diffdock/Cetrimide.pdbqt
ligands_pdbqt_diffdock/Chenodiol.pdbqt
ligands_pdbqt_diffdock/Chlorambucil.pdbqt
ligands_pdbqt_diffdock/Chloramphenicol.pdbqt
ligands_pdbqt_diffdock/Chlordiazepoxide.pdbqt
ligands_pdbqt_diffdock/Chlorhexidine.pdbqt
ligands_pdbqt_diffdock/Chloroquine.pdbqt
ligands_pdbqt_diffdock/Chlorothiazide.pdbqt
ligands_pdbqt_diffdock/Chlorpheniramine.pdbqt
ligands_pdbqt_diffdock/Chlortetracycline.pdbqt
ligands_pdbqt_diffdock/Chlorthalidone.pdbqt
ligands_pdbqt_diffdock/Cholecalciferol.pdbqt
ligands_pdbqt_diffdock/Cholestyramine.pdbqt
ligands_pdbqt_diffdock/Cholic_Acid.pdbqt
ligands_pdbqt_diffdock/Choline_alfoscerate.pdbqt
ligands_pdbqt_diffdock/Choline_magnesium_trisalicylate.pdbqt
ligands_pdbqt_diffdock/Choline_salicylate.pdbqt
ligands_pdbqt_diffdock/Chondroitin.pdbqt
ligands_pdbqt_diffdock/Chymopapain.pdbqt
ligands_pdbqt_diffdock/Ciclesonide.pdbqt
ligands_pdbqt_diffdock/Ciclosporin.pdbqt
ligands_pdbqt_diffdock/Cidofovir.pdbqt
ligands_pdbqt_diffdock/Cilastatin.pdbqt
ligands_pdbqt_diffdock/Cilazapril.pdbqt
ligands_pdbqt_diffdock/Cilostazol.pdbqt
ligands_pdbqt_diffdock/Cimetidine.pdbqt
ligands_pdbqt_diffdock/Cimetropium_bromide.pdbqt
ligands_pdbqt_diffdock/Cinalukast.pdbqt
ligands_pdbqt_diffdock/Cinnarizine.pdbqt
ligands_pdbqt_diffdock/Cinolazepam.pdbqt
ligands_pdbqt_diffdock/Cinoxacin.pdbqt
ligands_pdbqt_diffdock/Ciprofibrate.pdbqt
ligands_pdbqt_diffdock/Ciprofloxacin_XR.pdbqt
ligands_pdbqt_diffdock/Ciprofloxacin_dexamethasone.pdbqt
ligands_pdbqt_diffdock/Cisapride.pdbqt
ligands_pdbqt_diffdock/Cisatracurium.pdbqt
ligands_pdbqt_diffdock/Citicoline.pdbqt
ligands_pdbqt_diffdock/Citric_acid_magnesium_oxide_sodium_picosulfate.pdbqt
ligands_pdbqt_diffdock/Cladribine.pdbqt
ligands_pdbqt_diffdock/Clarithromycin.pdbqt
ligands_pdbqt_diffdock/Clascoterone.pdbqt
ligands_pdbqt_diffdock/Clavulanate.pdbqt
ligands_pdbqt_diffdock/Clemastine.pdbqt
ligands_pdbqt_diffdock/Clenbuterol.pdbqt
ligands_pdbqt_diffdock/Clevidipine_butyrate.pdbqt
ligands_pdbqt_diffdock/Clidinium.pdbqt
ligands_pdbqt_diffdock/Clindamycin.pdbqt
ligands_pdbqt_diffdock/Clobazam_Lundbeck.pdbqt
ligands_pdbqt_diffdock/Clobetasol.pdbqt
ligands_pdbqt_diffdock/Clocortolone.pdbqt
ligands_pdbqt_diffdock/Clodronate.pdbqt
ligands_pdbqt_diffdock/Clofarabine.pdbqt
ligands_pdbqt_diffdock/Clofazimine.pdbqt
ligands_pdbqt_diffdock/Clofoctol.pdbqt
ligands_pdbqt_diffdock/Clomiphene_Citrate.pdbqt
ligands_pdbqt_diffdock/Clomocycline.pdbqt
ligands_pdbqt_diffdock/Clonazepam.pdbqt
ligands_pdbqt_diffdock/Clonixin.pdbqt
ligands_pdbqt_diffdock/Clorazepate.pdbqt
ligands_pdbqt_diffdock/Clotrimazole.pdbqt
ligands_pdbqt_diffdock/Cloxacillin.pdbqt
ligands_pdbqt_diffdock/Clozapine.pdbqt
ligands_pdbqt_diffdock/Co_trimoxazole.pdbqt
ligands_pdbqt_diffdock/Cobicistat_darunavir.pdbqt
ligands_pdbqt_diffdock/Cocaine.pdbqt
ligands_pdbqt_diffdock/Codeine.pdbqt
ligands_pdbqt_diffdock/Colchicine.pdbqt
ligands_pdbqt_diffdock/Colesevelam.pdbqt
ligands_pdbqt_diffdock/Colestipol.pdbqt
ligands_pdbqt_diffdock/Colforsin_daropate_hci.pdbqt
ligands_pdbqt_diffdock/Colistin.pdbqt
ligands_pdbqt_diffdock/Conivaptan.pdbqt
ligands_pdbqt_diffdock/Conjugated_Estrogens.pdbqt
ligands_pdbqt_diffdock/Connexyn.pdbqt
ligands_pdbqt_diffdock/Convallatoxin.pdbqt
ligands_pdbqt_diffdock/Copper_dotatate_Cu_64.pdbqt
ligands_pdbqt_diffdock/Cortisone_Acetate.pdbqt
ligands_pdbqt_diffdock/Cotinine.pdbqt
ligands_pdbqt_diffdock/Crizotinib.pdbqt
ligands_pdbqt_diffdock/Croconazole.pdbqt
ligands_pdbqt_diffdock/Crofelemer.pdbqt
ligands_pdbqt_diffdock/Cromoglicate.pdbqt
ligands_pdbqt_diffdock/Cromolyn_sodium.pdbqt
ligands_pdbqt_diffdock/Cyanocobalamin.pdbqt
ligands_pdbqt_diffdock/Cyanocobalamin_Co_60.pdbqt
ligands_pdbqt_diffdock/Cyclacillin.pdbqt
ligands_pdbqt_diffdock/Cyclofenil.pdbqt
ligands_pdbqt_diffdock/Cycloserine.pdbqt
ligands_pdbqt_diffdock/Cyclothiazide.pdbqt
ligands_pdbqt_diffdock/Cynarin.pdbqt
ligands_pdbqt_diffdock/Cyproterone.pdbqt
ligands_pdbqt_diffdock/Cytarabine.pdbqt
ligands_pdbqt_diffdock/DEOXYCYTIDINE.pdbqt
ligands_pdbqt_diffdock/DU_176b.pdbqt
ligands_pdbqt_diffdock/Dabigatran.pdbqt
ligands_pdbqt_diffdock/Dabrafenib.pdbqt
ligands_pdbqt_diffdock/Dacarbazine.pdbqt
ligands_pdbqt_diffdock/Daclatasvir.pdbqt
ligands_pdbqt_diffdock/Dacomitinib.pdbqt
ligands_pdbqt_diffdock/Dalfopristin.pdbqt
ligands_pdbqt_diffdock/Danazol.pdbqt
ligands_pdbqt_diffdock/Dantrolene.pdbqt
ligands_pdbqt_diffdock/Dapiprazole.pdbqt
ligands_pdbqt_diffdock/Daprodustat.pdbqt
ligands_pdbqt_diffdock/Dapsone.pdbqt
ligands_pdbqt_diffdock/Darifenacin.pdbqt
ligands_pdbqt_diffdock/Darolutamide.pdbqt
ligands_pdbqt_diffdock/Darunavir.pdbqt
ligands_pdbqt_diffdock/Dasatinib.pdbqt
ligands_pdbqt_diffdock/Daunorubicin.pdbqt
ligands_pdbqt_diffdock/Decitabine.pdbqt
ligands_pdbqt_diffdock/Deferiprone.pdbqt
ligands_pdbqt_diffdock/Deferoxamine_Mesylate.pdbqt
ligands_pdbqt_diffdock/Deflazacort.pdbqt
ligands_pdbqt_diffdock/Dehydrocholic_acid.pdbqt
ligands_pdbqt_diffdock/Delafloxacin_Meglumine.pdbqt
ligands_pdbqt_diffdock/Delamanid.pdbqt
ligands_pdbqt_diffdock/Delapril.pdbqt
ligands_pdbqt_diffdock/Delavirdine.pdbqt
ligands_pdbqt_diffdock/Delorazepam.pdbqt
ligands_pdbqt_diffdock/Demecarium_bromide.pdbqt
ligands_pdbqt_diffdock/Demeclocycline.pdbqt
ligands_pdbqt_diffdock/Demecolcine.pdbqt
ligands_pdbqt_diffdock/Denopamine.pdbqt
ligands_pdbqt_diffdock/Dermatan_sulfate.pdbqt
ligands_pdbqt_diffdock/Deserpidine.pdbqt
ligands_pdbqt_diffdock/Deslanoside.pdbqt
ligands_pdbqt_diffdock/Desloratadine.pdbqt
ligands_pdbqt_diffdock/Deslorelin.pdbqt
ligands_pdbqt_diffdock/Desmopressin.pdbqt
ligands_pdbqt_diffdock/Desogestrel.pdbqt
ligands_pdbqt_diffdock/Desonide.pdbqt
ligands_pdbqt_diffdock/Desoximetasone.pdbqt
ligands_pdbqt_diffdock/Desoxycorticosterone_Acetate.pdbqt
ligands_pdbqt_diffdock/Desoxycorticosterone_Pivalate.pdbqt
ligands_pdbqt_diffdock/Desvenalfaxine_succinate.pdbqt
ligands_pdbqt_diffdock/Desvenlafaxine.pdbqt
ligands_pdbqt_diffdock/Deucravacitinib.pdbqt
ligands_pdbqt_diffdock/Deutetrabenazine.pdbqt
ligands_pdbqt_diffdock/Dexamethasone.pdbqt
ligands_pdbqt_diffdock/Dexamethasone_sodium_phosphate.pdbqt
ligands_pdbqt_diffdock/Dexbrompheniramine.pdbqt
ligands_pdbqt_diffdock/Dexchlorpheniramine_Maleate.pdbqt
ligands_pdbqt_diffdock/Dexlansoprazole.pdbqt
ligands_pdbqt_diffdock/Dexmedetomidine.pdbqt
ligands_pdbqt_diffdock/Dexrazoxane.pdbqt
ligands_pdbqt_diffdock/Dextran.pdbqt
ligands_pdbqt_diffdock/Dextromethorphan.pdbqt
ligands_pdbqt_diffdock/Dextromethorphan_Polistirex.pdbqt
ligands_pdbqt_diffdock/Dextropropoxyphene.pdbqt
ligands_pdbqt_diffdock/Dextrothyroxine_Sodium.pdbqt
ligands_pdbqt_diffdock/Dezocine.pdbqt
ligands_pdbqt_diffdock/Dhaq_diacetate.pdbqt
ligands_pdbqt_diffdock/Diatrizoate.pdbqt
ligands_pdbqt_diffdock/Dibenzepin.pdbqt
ligands_pdbqt_diffdock/Dibucaine.pdbqt
ligands_pdbqt_diffdock/Diclofenac.pdbqt
ligands_pdbqt_diffdock/Dicloxacillin.pdbqt
ligands_pdbqt_diffdock/Dicumarol.pdbqt
ligands_pdbqt_diffdock/Didanosine.pdbqt
ligands_pdbqt_diffdock/Dienestrol.pdbqt
ligands_pdbqt_diffdock/Diethylstilbestrol.pdbqt
ligands_pdbqt_diffdock/Difelikefalin.pdbqt
ligands_pdbqt_diffdock/Diflorasone.pdbqt
ligands_pdbqt_diffdock/Diflunisal.pdbqt
ligands_pdbqt_diffdock/Difluprednate.pdbqt
ligands_pdbqt_diffdock/Digitalin.pdbqt
ligands_pdbqt_diffdock/Digitoxin.pdbqt
ligands_pdbqt_diffdock/Digoxin.pdbqt
ligands_pdbqt_diffdock/Dihydroergocristine.pdbqt
ligands_pdbqt_diffdock/Dihydroergotamine.pdbqt
ligands_pdbqt_diffdock/Dihydroergotoxine.pdbqt
ligands_pdbqt_diffdock/Dihydrotachysterol.pdbqt
ligands_pdbqt_diffdock/Dihydroxyaluminium.pdbqt
ligands_pdbqt_diffdock/Diltiazem.pdbqt
ligands_pdbqt_diffdock/Dimenhydrinate.pdbqt
ligands_pdbqt_diffdock/Dimethindene.pdbqt
ligands_pdbqt_diffdock/Dinoprost_Tromethamine.pdbqt
ligands_pdbqt_diffdock/Dinoprostone.pdbqt
ligands_pdbqt_diffdock/Diosmin.pdbqt
ligands_pdbqt_diffdock/Diphenhydramine.pdbqt
ligands_pdbqt_diffdock/Diphenoxylate.pdbqt
ligands_pdbqt_diffdock/Dipyridamole.pdbqt
ligands_pdbqt_diffdock/Dirithromycin.pdbqt
ligands_pdbqt_diffdock/Disopyramide.pdbqt
ligands_pdbqt_diffdock/Dithranol.pdbqt
ligands_pdbqt_diffdock/Divalproex_sodium.pdbqt
ligands_pdbqt_diffdock/Dixyrazine.pdbqt
ligands_pdbqt_diffdock/Dobutamine.pdbqt
ligands_pdbqt_diffdock/Docarpamine.pdbqt
ligands_pdbqt_diffdock/Docetaxel.pdbqt
ligands_pdbqt_diffdock/Docosanol.pdbqt
ligands_pdbqt_diffdock/Docusate.pdbqt
ligands_pdbqt_diffdock/Dofetilide.pdbqt
ligands_pdbqt_diffdock/Dolasetron.pdbqt
ligands_pdbqt_diffdock/Dolutegravir.pdbqt
ligands_pdbqt_diffdock/Domperidone.pdbqt
ligands_pdbqt_diffdock/Donepezil.pdbqt
ligands_pdbqt_diffdock/Dopexamine.pdbqt
ligands_pdbqt_diffdock/Doripenem.pdbqt
ligands_pdbqt_diffdock/Dorzolamide.pdbqt
ligands_pdbqt_diffdock/Doxacurium.pdbqt
ligands_pdbqt_diffdock/Doxapram.pdbqt
ligands_pdbqt_diffdock/Doxazosin.pdbqt
ligands_pdbqt_diffdock/Doxercalciferol.pdbqt
ligands_pdbqt_diffdock/Doxifluridine.pdbqt
ligands_pdbqt_diffdock/Doxofylline.pdbqt
ligands_pdbqt_diffdock/Doxorubicin.pdbqt
ligands_pdbqt_diffdock/Doxycycline.pdbqt
ligands_pdbqt_diffdock/Dromostanolone.pdbqt
ligands_pdbqt_diffdock/Dronedarone.pdbqt
ligands_pdbqt_diffdock/Droperidol.pdbqt
ligands_pdbqt_diffdock/Drospirenone.pdbqt
ligands_pdbqt_diffdock/Drotaverine.pdbqt
ligands_pdbqt_diffdock/Droxidopa.pdbqt
ligands_pdbqt_diffdock/Dutasteride.pdbqt
ligands_pdbqt_diffdock/Dyclonine.pdbqt
ligands_pdbqt_diffdock/Dydrogesterone.pdbqt
ligands_pdbqt_diffdock/Dyphylline.pdbqt
ligands_pdbqt_diffdock/EVANS_BLUE.pdbqt
ligands_pdbqt_diffdock/Ecabet_sodium.pdbqt
ligands_pdbqt_diffdock/Econazole.pdbqt
ligands_pdbqt_diffdock/Edetate_calcium_disodium.pdbqt
ligands_pdbqt_diffdock/Edetate_disodium.pdbqt
ligands_pdbqt_diffdock/Edoxaban_tosylate.pdbqt
ligands_pdbqt_diffdock/Edrophonium.pdbqt
ligands_pdbqt_diffdock/Efavirenz.pdbqt
ligands_pdbqt_diffdock/Efinaconazole.pdbqt
ligands_pdbqt_diffdock/Eicosapentaenoic_acid_docosa_hexaenoic_acid.pdbqt
ligands_pdbqt_diffdock/Elagolix_sodium.pdbqt
ligands_pdbqt_diffdock/Eletriptan.pdbqt
ligands_pdbqt_diffdock/Eliglustat_tartrate.pdbqt
ligands_pdbqt_diffdock/Elliptinium_acetate.pdbqt
ligands_pdbqt_diffdock/Eltrombopag.pdbqt
ligands_pdbqt_diffdock/Eluxadoline.pdbqt
ligands_pdbqt_diffdock/Elvitegravir.pdbqt
ligands_pdbqt_diffdock/Elvitegravir_cobicistat_emtricitabine_tenofovir_disoproxil_fumarate.pdbqt
ligands_pdbqt_diffdock/Emedastine.pdbqt
ligands_pdbqt_diffdock/Emepronium.pdbqt
ligands_pdbqt_diffdock/Emetine.pdbqt
ligands_pdbqt_diffdock/Empagliflozin.pdbqt
ligands_pdbqt_diffdock/Empagliflozin_linagliptin.pdbqt
ligands_pdbqt_diffdock/Emtricitabine.pdbqt
ligands_pdbqt_diffdock/Enalaprilat.pdbqt
ligands_pdbqt_diffdock/Enocitabine.pdbqt
ligands_pdbqt_diffdock/Enoxacin.pdbqt
ligands_pdbqt_diffdock/Enoximone.pdbqt
ligands_pdbqt_diffdock/Enprofylline.pdbqt
ligands_pdbqt_diffdock/Enprostil.pdbqt
ligands_pdbqt_diffdock/Entacapone.pdbqt
ligands_pdbqt_diffdock/Entecavir.pdbqt
ligands_pdbqt_diffdock/Entrectinib.pdbqt
ligands_pdbqt_diffdock/Enzalutamide.pdbqt
ligands_pdbqt_diffdock/Epalrestat.pdbqt
ligands_pdbqt_diffdock/Epervudine.pdbqt
ligands_pdbqt_diffdock/Epicillin.pdbqt
ligands_pdbqt_diffdock/Epinastine.pdbqt
ligands_pdbqt_diffdock/Epinephrine.pdbqt
ligands_pdbqt_diffdock/Epipodophyllotoxin.pdbqt
ligands_pdbqt_diffdock/Epirubicin.pdbqt
ligands_pdbqt_diffdock/Eplerenone.pdbqt
ligands_pdbqt_diffdock/Epoprostenol.pdbqt
ligands_pdbqt_diffdock/Eprosartan.pdbqt
ligands_pdbqt_diffdock/Eptaplatin.pdbqt
ligands_pdbqt_diffdock/Eptazocine_hbr.pdbqt
ligands_pdbqt_diffdock/Eptifibatide.pdbqt
ligands_pdbqt_diffdock/Erdafitinib.pdbqt
ligands_pdbqt_diffdock/Erdosteine.pdbqt
ligands_pdbqt_diffdock/Ergocalciferol.pdbqt
ligands_pdbqt_diffdock/Ergoloid_mesylate.pdbqt
ligands_pdbqt_diffdock/Ergonovine.pdbqt
ligands_pdbqt_diffdock/Ergotamine.pdbqt
ligands_pdbqt_diffdock/Eribulin.pdbqt
ligands_pdbqt_diffdock/Erlotinib.pdbqt
ligands_pdbqt_diffdock/Ertapenem.pdbqt
ligands_pdbqt_diffdock/Erythrityl_Tetranitrate.pdbqt
ligands_pdbqt_diffdock/Erythromycin.pdbqt
ligands_pdbqt_diffdock/Erythromycin_sulfisoxazole.pdbqt
ligands_pdbqt_diffdock/Eslicarbazepine.pdbqt
ligands_pdbqt_diffdock/Esmolol.pdbqt
ligands_pdbqt_diffdock/Esomeprazole.pdbqt
ligands_pdbqt_diffdock/Estazolam.pdbqt
ligands_pdbqt_diffdock/Estradiol.pdbqt
ligands_pdbqt_diffdock/Estradiol_Acetate.pdbqt
ligands_pdbqt_diffdock/Estradiol_Cypionate.pdbqt
ligands_pdbqt_diffdock/Estradiol_Valerate.pdbqt
ligands_pdbqt_diffdock/Estradiol_valerate_dienogest.pdbqt
ligands_pdbqt_diffdock/Estramustine.pdbqt
ligands_pdbqt_diffdock/Estriol.pdbqt
ligands_pdbqt_diffdock/Estrone.pdbqt
ligands_pdbqt_diffdock/Estropipate.pdbqt
ligands_pdbqt_diffdock/Eszopiclone.pdbqt
ligands_pdbqt_diffdock/Etanidazole.pdbqt
ligands_pdbqt_diffdock/Eterobarb.pdbqt
ligands_pdbqt_diffdock/Ethacrynate_Sodium.pdbqt
ligands_pdbqt_diffdock/Ethacrynic_acid.pdbqt
ligands_pdbqt_diffdock/Ethanolamine_oleate.pdbqt
ligands_pdbqt_diffdock/Ethinyl_Estradiol.pdbqt
ligands_pdbqt_diffdock/Ethionamide.pdbqt
ligands_pdbqt_diffdock/Ethoxzolamide.pdbqt
ligands_pdbqt_diffdock/Ethylestrenol.pdbqt
ligands_pdbqt_diffdock/Ethynodiol_Diacetate.pdbqt
ligands_pdbqt_diffdock/Etidronate_Disodium.pdbqt
ligands_pdbqt_diffdock/Etidronic_acid.pdbqt
ligands_pdbqt_diffdock/Etofenamate.pdbqt
ligands_pdbqt_diffdock/Etomidate.pdbqt
ligands_pdbqt_diffdock/Etonogestrel.pdbqt
ligands_pdbqt_diffdock/Etoposide.pdbqt
ligands_pdbqt_diffdock/Etozolin.pdbqt
ligands_pdbqt_diffdock/Etrasimod.pdbqt
ligands_pdbqt_diffdock/Etravirine.pdbqt
ligands_pdbqt_diffdock/Etretinate.pdbqt
ligands_pdbqt_diffdock/Eupatilin.pdbqt
ligands_pdbqt_diffdock/Everolimus.pdbqt
ligands_pdbqt_diffdock/Exemestane.pdbqt
ligands_pdbqt_diffdock/Exjade.pdbqt
ligands_pdbqt_diffdock/Ezetimibe.pdbqt
ligands_pdbqt_diffdock/FADROZOLE.pdbqt
ligands_pdbqt_diffdock/FENBUFEN.pdbqt
ligands_pdbqt_diffdock/FENOFIBRIC_ACID.pdbqt
ligands_pdbqt_diffdock/FLUORESCEIN.pdbqt
ligands_pdbqt_diffdock/Falecalcitrol.pdbqt
ligands_pdbqt_diffdock/Famciclovir.pdbqt
ligands_pdbqt_diffdock/Famotidine.pdbqt
ligands_pdbqt_diffdock/Faropenem.pdbqt
ligands_pdbqt_diffdock/Febarbamate.pdbqt
ligands_pdbqt_diffdock/Febuxostat.pdbqt
ligands_pdbqt_diffdock/Fedratinib.pdbqt
ligands_pdbqt_diffdock/Felodipine.pdbqt
ligands_pdbqt_diffdock/Felypressin.pdbqt
ligands_pdbqt_diffdock/Fenhexamid.pdbqt
ligands_pdbqt_diffdock/Fenofibrate.pdbqt
ligands_pdbqt_diffdock/Fenoldopam.pdbqt
ligands_pdbqt_diffdock/Fenoprofen.pdbqt
ligands_pdbqt_diffdock/Fenoterol.pdbqt
ligands_pdbqt_diffdock/Fenquizone.pdbqt
ligands_pdbqt_diffdock/Fentanyl.pdbqt
ligands_pdbqt_diffdock/Fentanyl_droperidol.pdbqt
ligands_pdbqt_diffdock/FerriSeltz.pdbqt
ligands_pdbqt_diffdock/Ferric_citrate.pdbqt
ligands_pdbqt_diffdock/Ferric_maltol.pdbqt
ligands_pdbqt_diffdock/Ferrous_Citrate_Fe_59.pdbqt
ligands_pdbqt_diffdock/Ferumoxides.pdbqt
ligands_pdbqt_diffdock/Fesoterodine_fumarate.pdbqt
ligands_pdbqt_diffdock/Fexinidazole.pdbqt
ligands_pdbqt_diffdock/Fexofenadine.pdbqt
ligands_pdbqt_diffdock/Fezolinetant.pdbqt
ligands_pdbqt_diffdock/Finafloxacin.pdbqt
ligands_pdbqt_diffdock/Finasteride.pdbqt
ligands_pdbqt_diffdock/Finerenone.pdbqt
ligands_pdbqt_diffdock/Fingolimod.pdbqt
ligands_pdbqt_diffdock/Flavoxate.pdbqt
ligands_pdbqt_diffdock/Fleroxacin.pdbqt
ligands_pdbqt_diffdock/Flibanserin.pdbqt
ligands_pdbqt_diffdock/Flomoxef_sodium.pdbqt
ligands_pdbqt_diffdock/Florbetapir_F_18.pdbqt
ligands_pdbqt_diffdock/Floxuridine.pdbqt
ligands_pdbqt_diffdock/Flucloxacillin.pdbqt
ligands_pdbqt_diffdock/Fluconazole.pdbqt
ligands_pdbqt_diffdock/Fludarabine.pdbqt
ligands_pdbqt_diffdock/Fludrocortisone.pdbqt
ligands_pdbqt_diffdock/Flumethasone_Pivalate.pdbqt
ligands_pdbqt_diffdock/Flunarizine.pdbqt
ligands_pdbqt_diffdock/Flunisolide.pdbqt
ligands_pdbqt_diffdock/Flunitrazepam.pdbqt
ligands_pdbqt_diffdock/Fluocinolone_Acetonide.pdbqt
ligands_pdbqt_diffdock/Fluocinonide.pdbqt
ligands_pdbqt_diffdock/Fluorescein_Sodium.pdbqt
ligands_pdbqt_diffdock/Fluorodopa_F_18.pdbqt
ligands_pdbqt_diffdock/Fluorometholone.pdbqt
ligands_pdbqt_diffdock/Fluoxymesterone.pdbqt
ligands_pdbqt_diffdock/Fluphenazine.pdbqt
ligands_pdbqt_diffdock/Fluprednisolone.pdbqt
ligands_pdbqt_diffdock/Flurandrenolide.pdbqt
ligands_pdbqt_diffdock/Flurazepam.pdbqt
ligands_pdbqt_diffdock/Flurbiprofen.pdbqt
ligands_pdbqt_diffdock/Fluspirilene.pdbqt
ligands_pdbqt_diffdock/Fluticasone.pdbqt
ligands_pdbqt_diffdock/Flutrimazole.pdbqt
ligands_pdbqt_diffdock/Fluvastatin.pdbqt
ligands_pdbqt_diffdock/Folic_Acid.pdbqt
ligands_pdbqt_diffdock/Forasartan.pdbqt
ligands_pdbqt_diffdock/Formoterol.pdbqt
ligands_pdbqt_diffdock/Formoterol_budesonide.pdbqt
ligands_pdbqt_diffdock/Fosamprenavir.pdbqt
ligands_pdbqt_diffdock/Fosdenopterin.pdbqt
ligands_pdbqt_diffdock/Fosfestrol.pdbqt
ligands_pdbqt_diffdock/Fosfluconazole.pdbqt
ligands_pdbqt_diffdock/Fosfosal.pdbqt
ligands_pdbqt_diffdock/Fosinopril.pdbqt
ligands_pdbqt_diffdock/Fosmidomycin.pdbqt
ligands_pdbqt_diffdock/Fosphenytoin.pdbqt
ligands_pdbqt_diffdock/Fospropofol_disodium.pdbqt
ligands_pdbqt_diffdock/Fostamatinib.pdbqt
ligands_pdbqt_diffdock/Fostemsavir.pdbqt
ligands_pdbqt_diffdock/Fotemustine.pdbqt
ligands_pdbqt_diffdock/Framycetin.pdbqt
ligands_pdbqt_diffdock/Frovatriptan.pdbqt
ligands_pdbqt_diffdock/Fructose.pdbqt
ligands_pdbqt_diffdock/Fruquintinib.pdbqt
ligands_pdbqt_diffdock/Fulvestrant.pdbqt
ligands_pdbqt_diffdock/Furazolidone.pdbqt
ligands_pdbqt_diffdock/Furosemide.pdbqt
ligands_pdbqt_diffdock/Fusidic_Acid.pdbqt
ligands_pdbqt_diffdock/Futibatinib.pdbqt
ligands_pdbqt_diffdock/GDC_0199.pdbqt
ligands_pdbqt_diffdock/GHRP_2.pdbqt
ligands_pdbqt_diffdock/GMDP.pdbqt
ligands_pdbqt_diffdock/GS_7340.pdbqt
ligands_pdbqt_diffdock/GW642444.pdbqt
ligands_pdbqt_diffdock/GW685698X.pdbqt
ligands_pdbqt_diffdock/Gabexate.pdbqt
ligands_pdbqt_diffdock/Gaboxadol.pdbqt
ligands_pdbqt_diffdock/Gadobenate_Dimeglumine.pdbqt
ligands_pdbqt_diffdock/Gadobutrol.pdbqt
ligands_pdbqt_diffdock/Gadodiamide.pdbqt
ligands_pdbqt_diffdock/Gadofosveset.pdbqt
ligands_pdbqt_diffdock/Gadopentetate_dimeglumine.pdbqt
ligands_pdbqt_diffdock/Gadoteridol.pdbqt
ligands_pdbqt_diffdock/Gadoversetamide.pdbqt
ligands_pdbqt_diffdock/Gadoxetate_disodium.pdbqt
ligands_pdbqt_diffdock/Galantamine.pdbqt
ligands_pdbqt_diffdock/Gallamine_Triethiodide.pdbqt
ligands_pdbqt_diffdock/Gallium_Citrate_Ga_67.pdbqt
ligands_pdbqt_diffdock/Gallium_nitrate.pdbqt
ligands_pdbqt_diffdock/Gamma_Homolinolenic_acid.pdbqt
ligands_pdbqt_diffdock/Gamolenic_acid.pdbqt
ligands_pdbqt_diffdock/Ganaxolone.pdbqt
ligands_pdbqt_diffdock/Ganciclovir.pdbqt
ligands_pdbqt_diffdock/Gatifloxacin.pdbqt
ligands_pdbqt_diffdock/Gefitinib.pdbqt
ligands_pdbqt_diffdock/Gemcitabine.pdbqt
ligands_pdbqt_diffdock/Gemfibrozil.pdbqt
ligands_pdbqt_diffdock/Gemifloxacin.pdbqt
ligands_pdbqt_diffdock/Gentamicin.pdbqt
ligands_pdbqt_diffdock/Gentian_violet.pdbqt
ligands_pdbqt_diffdock/Gepirone.pdbqt
ligands_pdbqt_diffdock/Gestrinone.pdbqt
ligands_pdbqt_diffdock/Gilteritinib.pdbqt
ligands_pdbqt_diffdock/Gitalin.pdbqt
ligands_pdbqt_diffdock/Glatiramer_Acetate.pdbqt
ligands_pdbqt_diffdock/Glaziovine.pdbqt
ligands_pdbqt_diffdock/Glibenclamide.pdbqt
ligands_pdbqt_diffdock/Gliclazide.pdbqt
ligands_pdbqt_diffdock/Glimepiride.pdbqt
ligands_pdbqt_diffdock/Glipizide.pdbqt
ligands_pdbqt_diffdock/Gliquidone.pdbqt
ligands_pdbqt_diffdock/Glisolamide.pdbqt
ligands_pdbqt_diffdock/Glisoxepide.pdbqt
ligands_pdbqt_diffdock/Glutathione.pdbqt
ligands_pdbqt_diffdock/Glycerol_phenylbutyrate.pdbqt
ligands_pdbqt_diffdock/Glycodiazine.pdbqt
ligands_pdbqt_diffdock/Gonadorelin.pdbqt
ligands_pdbqt_diffdock/Gonadoreline_6_d_trp_acetate.pdbqt
ligands_pdbqt_diffdock/Goserelin.pdbqt
ligands_pdbqt_diffdock/Granisetron.pdbqt
ligands_pdbqt_diffdock/Grepafloxacin.pdbqt
ligands_pdbqt_diffdock/Griseofulvin.pdbqt
ligands_pdbqt_diffdock/Guaimesal.pdbqt
ligands_pdbqt_diffdock/Guanadrel_Sulfate.pdbqt
ligands_pdbqt_diffdock/Guanfacine_extended_release.pdbqt
ligands_pdbqt_diffdock/Guar_gum.pdbqt
ligands_pdbqt_diffdock/Guggulsterone.pdbqt
ligands_pdbqt_diffdock/Gusperimus_trihydrochloride.pdbqt
ligands_pdbqt_diffdock/HTF_919.pdbqt
ligands_pdbqt_diffdock/Haem_arginate.pdbqt
ligands_pdbqt_diffdock/Halaven.pdbqt
ligands_pdbqt_diffdock/Halazepam.pdbqt
ligands_pdbqt_diffdock/Halcinonide.pdbqt
ligands_pdbqt_diffdock/Halobetasol_Propionate.pdbqt
ligands_pdbqt_diffdock/Halometasone.pdbqt
ligands_pdbqt_diffdock/Haloperidol.pdbqt
ligands_pdbqt_diffdock/Halopredone_acetate.pdbqt
ligands_pdbqt_diffdock/Heparin_Sodium.pdbqt
ligands_pdbqt_diffdock/Heptabarbital.pdbqt
ligands_pdbqt_diffdock/Herbimycin_A.pdbqt
ligands_pdbqt_diffdock/Heroin_diacetylmorphine.pdbqt
ligands_pdbqt_diffdock/Hesperetin.pdbqt
ligands_pdbqt_diffdock/Hesperidin.pdbqt
ligands_pdbqt_diffdock/Hetacillin.pdbqt
ligands_pdbqt_diffdock/Hexachlorophene.pdbqt
ligands_pdbqt_diffdock/Hexafluronium_bromide.pdbqt
ligands_pdbqt_diffdock/Hexobarbital.pdbqt
ligands_pdbqt_diffdock/Hexyl_aminolevulinate.pdbqt
ligands_pdbqt_diffdock/Hidrosmin.pdbqt
ligands_pdbqt_diffdock/Histamine_Phosphate.pdbqt
ligands_pdbqt_diffdock/Hm61713.pdbqt
ligands_pdbqt_diffdock/Huperzine_A.pdbqt
ligands_pdbqt_diffdock/Hyaluronate_sodium.pdbqt
ligands_pdbqt_diffdock/Hydrastine.pdbqt
ligands_pdbqt_diffdock/Hydrochlorothiazide.pdbqt
ligands_pdbqt_diffdock/Hydrocodone.pdbqt
ligands_pdbqt_diffdock/Hydrocortamate.pdbqt
ligands_pdbqt_diffdock/Hydrocortisone.pdbqt
ligands_pdbqt_diffdock/Hydroflumethiazide.pdbqt
ligands_pdbqt_diffdock/Hydromorphone.pdbqt
ligands_pdbqt_diffdock/Hydroxocobalamin.pdbqt
ligands_pdbqt_diffdock/Hydroxyamphetamine_Hydrobromide.pdbqt
ligands_pdbqt_diffdock/Hydroxychloroquine.pdbqt
ligands_pdbqt_diffdock/Hydroxyethyl_starch.pdbqt
ligands_pdbqt_diffdock/Hydroxyflutamide.pdbqt
ligands_pdbqt_diffdock/Hydroxyprogesterone.pdbqt
ligands_pdbqt_diffdock/Hydroxystilbamidine_Isethionate.pdbqt
ligands_pdbqt_diffdock/Hydroxyurea.pdbqt
ligands_pdbqt_diffdock/Hydroxyzine.pdbqt
ligands_pdbqt_diffdock/Hyoscyamine.pdbqt
ligands_pdbqt_diffdock/IPI_145.pdbqt
ligands_pdbqt_diffdock/Ibandronate.pdbqt
ligands_pdbqt_diffdock/Ibrexafungerp.pdbqt
ligands_pdbqt_diffdock/Ibrutinib.pdbqt
ligands_pdbqt_diffdock/Ibutamoren.pdbqt
ligands_pdbqt_diffdock/Ibutilide.pdbqt
ligands_pdbqt_diffdock/Icatibant.pdbqt
ligands_pdbqt_diffdock/Icosapent.pdbqt
ligands_pdbqt_diffdock/Idarubicin.pdbqt
ligands_pdbqt_diffdock/Idebenone.pdbqt
ligands_pdbqt_diffdock/Idelalisib.pdbqt
ligands_pdbqt_diffdock/Idoxuridine.pdbqt
ligands_pdbqt_diffdock/Iloperidone.pdbqt
ligands_pdbqt_diffdock/Iloprost.pdbqt
ligands_pdbqt_diffdock/Imatinib.pdbqt
ligands_pdbqt_diffdock/Imidapril.pdbqt
ligands_pdbqt_diffdock/Imidazole_salicylate.pdbqt
ligands_pdbqt_diffdock/Imipenem.pdbqt
ligands_pdbqt_diffdock/Imiquimod.pdbqt
ligands_pdbqt_diffdock/Inamrinone_Lactate.pdbqt
ligands_pdbqt_diffdock/Incadronate.pdbqt
ligands_pdbqt_diffdock/Incruse_Ellipta.pdbqt
ligands_pdbqt_diffdock/Indacaterol.pdbqt
ligands_pdbqt_diffdock/Indapamide.pdbqt
ligands_pdbqt_diffdock/Indeloxazine.pdbqt
ligands_pdbqt_diffdock/Indigotindisulfonate.pdbqt
ligands_pdbqt_diffdock/Indinavir.pdbqt
ligands_pdbqt_diffdock/Indiplon.pdbqt
ligands_pdbqt_diffdock/Indium_In_111_Oxyquinoline.pdbqt
ligands_pdbqt_diffdock/Indomethacin.pdbqt
ligands_pdbqt_diffdock/Infigratinib.pdbqt
ligands_pdbqt_diffdock/Ingavirin.pdbqt
ligands_pdbqt_diffdock/Inosine_pranobex.pdbqt
ligands_pdbqt_diffdock/Intedanib.pdbqt
ligands_pdbqt_diffdock/Interferon_Alfa_2b.pdbqt
ligands_pdbqt_diffdock/Invert_sugar.pdbqt
ligands_pdbqt_diffdock/Iobenguane_Sulfate_I_131.pdbqt
ligands_pdbqt_diffdock/Iobitridol.pdbqt
ligands_pdbqt_diffdock/Iocetamic_acid.pdbqt
ligands_pdbqt_diffdock/Iodamide.pdbqt
ligands_pdbqt_diffdock/Iodipamide.pdbqt
ligands_pdbqt_diffdock/Iodixanol.pdbqt
ligands_pdbqt_diffdock/Iodofiltic_acid_I_123.pdbqt
ligands_pdbqt_diffdock/Iodoquinol.pdbqt
ligands_pdbqt_diffdock/Iodoxamate_Meglumine.pdbqt
ligands_pdbqt_diffdock/Ioflupane_i_123.pdbqt
ligands_pdbqt_diffdock/Iomeprol.pdbqt
ligands_pdbqt_diffdock/Iopamidol.pdbqt
ligands_pdbqt_diffdock/Iopanoic_acid.pdbqt
ligands_pdbqt_diffdock/Iopentol.pdbqt
ligands_pdbqt_diffdock/Iophendylate.pdbqt
ligands_pdbqt_diffdock/Iopromide.pdbqt
ligands_pdbqt_diffdock/Iothalamate.pdbqt
ligands_pdbqt_diffdock/Ioversol.pdbqt
ligands_pdbqt_diffdock/Ioxaglate.pdbqt
ligands_pdbqt_diffdock/Ipodate.pdbqt
ligands_pdbqt_diffdock/Ipratropium.pdbqt
ligands_pdbqt_diffdock/Ipriflavone.pdbqt
ligands_pdbqt_diffdock/Iprodione.pdbqt
ligands_pdbqt_diffdock/Iptacopan.pdbqt
ligands_pdbqt_diffdock/Irinotecan.pdbqt
ligands_pdbqt_diffdock/Irsogladine.pdbqt
ligands_pdbqt_diffdock/Isepamicin.pdbqt
ligands_pdbqt_diffdock/Isoetharine.pdbqt
ligands_pdbqt_diffdock/Isopropamide_iodide.pdbqt
ligands_pdbqt_diffdock/Isoproterenol.pdbqt
ligands_pdbqt_diffdock/Isosorbide_Dinitrate.pdbqt
ligands_pdbqt_diffdock/Isosulfan_blue.pdbqt
ligands_pdbqt_diffdock/Isotretinoin.pdbqt
ligands_pdbqt_diffdock/Isovanillin.pdbqt
ligands_pdbqt_diffdock/Isoxyl.pdbqt
ligands_pdbqt_diffdock/Isradipine.pdbqt
ligands_pdbqt_diffdock/Istradefylline.pdbqt
ligands_pdbqt_diffdock/Itraconazole.pdbqt
ligands_pdbqt_diffdock/Ivabradine.pdbqt
ligands_pdbqt_diffdock/Ivacaftor.pdbqt
ligands_pdbqt_diffdock/Ivosidenib.pdbqt
ligands_pdbqt_diffdock/Ixabepilone.pdbqt
ligands_pdbqt_diffdock/Ixazomib.pdbqt
ligands_pdbqt_diffdock/Josamycin.pdbqt
ligands_pdbqt_diffdock/KU_0058948.pdbqt
ligands_pdbqt_diffdock/Kanamycin.pdbqt
ligands_pdbqt_diffdock/Kawain.pdbqt
ligands_pdbqt_diffdock/Ketanserin.pdbqt
ligands_pdbqt_diffdock/Ketobemidone.pdbqt
ligands_pdbqt_diffdock/Ketoconazole.pdbqt
ligands_pdbqt_diffdock/Ketoprofen.pdbqt
ligands_pdbqt_diffdock/Ketorolac.pdbqt
ligands_pdbqt_diffdock/Ketotifen.pdbqt
ligands_pdbqt_diffdock/Khellin.pdbqt
ligands_pdbqt_diffdock/Kinetin.pdbqt
ligands_pdbqt_diffdock/LAS_34273.pdbqt
ligands_pdbqt_diffdock/LCZ696.pdbqt
ligands_pdbqt_diffdock/LEURUBICIN.pdbqt
ligands_pdbqt_diffdock/LGX818.pdbqt
ligands_pdbqt_diffdock/LIDOFLAZINE.pdbqt
ligands_pdbqt_diffdock/LOMERIZINE.pdbqt
ligands_pdbqt_diffdock/LY2835219.pdbqt
ligands_pdbqt_diffdock/L_Proline.pdbqt
ligands_pdbqt_diffdock/L_Tryptophan.pdbqt
ligands_pdbqt_diffdock/L_Tyrosine.pdbqt
ligands_pdbqt_diffdock/L_alanyl_l_glutamine.pdbqt
ligands_pdbqt_diffdock/L_ornithine_L_aspartate.pdbqt
ligands_pdbqt_diffdock/Labetalol.pdbqt
ligands_pdbqt_diffdock/Lactitol.pdbqt
ligands_pdbqt_diffdock/Lactulose.pdbqt
ligands_pdbqt_diffdock/Lamivudine.pdbqt
ligands_pdbqt_diffdock/Lanatoside_a.pdbqt
ligands_pdbqt_diffdock/Lanatoside_b.pdbqt
ligands_pdbqt_diffdock/Lanoconazole.pdbqt
ligands_pdbqt_diffdock/Lanreotide_acetate.pdbqt
ligands_pdbqt_diffdock/Lanthanum_carbonate.pdbqt
ligands_pdbqt_diffdock/Lapatinib.pdbqt
ligands_pdbqt_diffdock/Larotrectinib.pdbqt
ligands_pdbqt_diffdock/Lasmiditan.pdbqt
ligands_pdbqt_diffdock/Lasofoxifene.pdbqt
ligands_pdbqt_diffdock/Latamoxef.pdbqt
ligands_pdbqt_diffdock/Latanoprost.pdbqt
ligands_pdbqt_diffdock/Lefamulin.pdbqt
ligands_pdbqt_diffdock/Leflunomide.pdbqt
ligands_pdbqt_diffdock/Lemborexant.pdbqt
ligands_pdbqt_diffdock/Lenacapavir.pdbqt
ligands_pdbqt_diffdock/Lenalidomide.pdbqt
ligands_pdbqt_diffdock/Lenampicillin_hci.pdbqt
ligands_pdbqt_diffdock/Leniolisib.pdbqt
ligands_pdbqt_diffdock/Lentinan.pdbqt
ligands_pdbqt_diffdock/Lenvatinib.pdbqt
ligands_pdbqt_diffdock/Lercanidipine.pdbqt
ligands_pdbqt_diffdock/Lesinurad.pdbqt
ligands_pdbqt_diffdock/Lestaurtinib.pdbqt
ligands_pdbqt_diffdock/Letrozole.pdbqt
ligands_pdbqt_diffdock/Leucovorin_5_fluorouracil.pdbqt
ligands_pdbqt_diffdock/Leucovorin_Calcium.pdbqt
ligands_pdbqt_diffdock/Leuprolide.pdbqt
ligands_pdbqt_diffdock/Leuprorelin_acetate.pdbqt
ligands_pdbqt_diffdock/Levalbuterol.pdbqt
ligands_pdbqt_diffdock/Levetiracetam.pdbqt
ligands_pdbqt_diffdock/Levobetaxolol.pdbqt
ligands_pdbqt_diffdock/Levocabastine.pdbqt
ligands_pdbqt_diffdock/Levocetirizine_dihydrochloride.pdbqt
ligands_pdbqt_diffdock/Levodopa.pdbqt
ligands_pdbqt_diffdock/Levodropropizine.pdbqt
ligands_pdbqt_diffdock/Levofloxacin.pdbqt
ligands_pdbqt_diffdock/Levoleucovorin.pdbqt
ligands_pdbqt_diffdock/Levomethadyl_Acetate.pdbqt
ligands_pdbqt_diffdock/Levomilnacipran.pdbqt
ligands_pdbqt_diffdock/Levonorgestrel.pdbqt
ligands_pdbqt_diffdock/Levopropoxyphene_Napsylate_Anhydrous.pdbqt
ligands_pdbqt_diffdock/Levormeloxifene.pdbqt
ligands_pdbqt_diffdock/Levorphanol.pdbqt
ligands_pdbqt_diffdock/Levosimendan.pdbqt
ligands_pdbqt_diffdock/Levothyroxine.pdbqt
ligands_pdbqt_diffdock/Limaprost.pdbqt
ligands_pdbqt_diffdock/Linagliptin.pdbqt
ligands_pdbqt_diffdock/Lincomycin.pdbqt
ligands_pdbqt_diffdock/Linezolid.pdbqt
ligands_pdbqt_diffdock/Liothyronine.pdbqt
ligands_pdbqt_diffdock/Liranaftate.pdbqt
ligands_pdbqt_diffdock/Lisinopril.pdbqt
ligands_pdbqt_diffdock/Lisuride.pdbqt
ligands_pdbqt_diffdock/Lithium_Citrate.pdbqt
ligands_pdbqt_diffdock/Lmw_heparin.pdbqt
ligands_pdbqt_diffdock/Lobeglitazone.pdbqt
ligands_pdbqt_diffdock/Lodoxamide.pdbqt
ligands_pdbqt_diffdock/Lofepramine.pdbqt
ligands_pdbqt_diffdock/Lomefloxacin.pdbqt
ligands_pdbqt_diffdock/Lomustine.pdbqt
ligands_pdbqt_diffdock/Lonafarnib.pdbqt
ligands_pdbqt_diffdock/Loperamide.pdbqt
ligands_pdbqt_diffdock/Lopinavir.pdbqt
ligands_pdbqt_diffdock/Loracarbef.pdbqt
ligands_pdbqt_diffdock/Lorazepam.pdbqt
ligands_pdbqt_diffdock/Lorlatinib.pdbqt
ligands_pdbqt_diffdock/Lornoxicam.pdbqt
ligands_pdbqt_diffdock/Losartan.pdbqt
ligands_pdbqt_diffdock/Loteprednol_Etabonate.pdbqt
ligands_pdbqt_diffdock/Lovastatin.pdbqt
ligands_pdbqt_diffdock/Loxapine.pdbqt
ligands_pdbqt_diffdock/Loxoprofen_gel.pdbqt
ligands_pdbqt_diffdock/Lubiprostone.pdbqt
ligands_pdbqt_diffdock/Lucanthone.pdbqt
ligands_pdbqt_diffdock/Luliconazole.pdbqt
ligands_pdbqt_diffdock/Lumiracoxib.pdbqt
ligands_pdbqt_diffdock/Lurasidone_hydrochloride.pdbqt
ligands_pdbqt_diffdock/Lurbinectedin.pdbqt
ligands_pdbqt_diffdock/Lusutrombopag.pdbqt
ligands_pdbqt_diffdock/Lutetium_Lu_177_dotatate.pdbqt
ligands_pdbqt_diffdock/Luvox.pdbqt
ligands_pdbqt_diffdock/Lymecycline.pdbqt
ligands_pdbqt_diffdock/Lypressin.pdbqt
ligands_pdbqt_diffdock/MCB_3837.pdbqt
ligands_pdbqt_diffdock/MELARSOPROL.pdbqt
ligands_pdbqt_diffdock/MEPTAZINOL.pdbqt
ligands_pdbqt_diffdock/MK_08887A.pdbqt
ligands_pdbqt_diffdock/MK_1439.pdbqt
ligands_pdbqt_diffdock/MLN9708.pdbqt
ligands_pdbqt_diffdock/MOXONIDINE.pdbqt
ligands_pdbqt_diffdock/Macimorelin.pdbqt
ligands_pdbqt_diffdock/Macitentan.pdbqt
ligands_pdbqt_diffdock/Macrolides.pdbqt
ligands_pdbqt_diffdock/Malathion.pdbqt
ligands_pdbqt_diffdock/Mangafodipir_Trisodium.pdbqt
ligands_pdbqt_diffdock/Mannitol.pdbqt
ligands_pdbqt_diffdock/Maralixibat.pdbqt
ligands_pdbqt_diffdock/Maraviroc.pdbqt
ligands_pdbqt_diffdock/Maribavir.pdbqt
ligands_pdbqt_diffdock/Marinol.pdbqt
ligands_pdbqt_diffdock/Masoprocol.pdbqt
ligands_pdbqt_diffdock/Mavacamten.pdbqt
ligands_pdbqt_diffdock/Maxacalcitol.pdbqt
ligands_pdbqt_diffdock/Mazindol.pdbqt
ligands_pdbqt_diffdock/Mebendazole.pdbqt
ligands_pdbqt_diffdock/Mebeverine.pdbqt
ligands_pdbqt_diffdock/Mebutamate.pdbqt
ligands_pdbqt_diffdock/Meclizine.pdbqt
ligands_pdbqt_diffdock/Meclocycline.pdbqt
ligands_pdbqt_diffdock/Meclofenamate_Sodium.pdbqt
ligands_pdbqt_diffdock/Meclofenamic_acid.pdbqt
ligands_pdbqt_diffdock/Mecobalamin.pdbqt
ligands_pdbqt_diffdock/Medroxyprogesterone.pdbqt
ligands_pdbqt_diffdock/Medrysone.pdbqt
ligands_pdbqt_diffdock/Mefenamic_acid.pdbqt
ligands_pdbqt_diffdock/Megestrol.pdbqt
ligands_pdbqt_diffdock/Meglitinides.pdbqt
ligands_pdbqt_diffdock/Meglumine_antimoniate.pdbqt
ligands_pdbqt_diffdock/Meglumine_gadoterate.pdbqt
ligands_pdbqt_diffdock/Melatonin.pdbqt
ligands_pdbqt_diffdock/Melevodopa.pdbqt
ligands_pdbqt_diffdock/Melinamide.pdbqt
ligands_pdbqt_diffdock/Meloxicam.pdbqt
ligands_pdbqt_diffdock/Melphalan.pdbqt
ligands_pdbqt_diffdock/Melphalan_flufenamide.pdbqt
ligands_pdbqt_diffdock/Menadiol_sodium_diphosphate.pdbqt
ligands_pdbqt_diffdock/Mepartricin.pdbqt
ligands_pdbqt_diffdock/Meperidine.pdbqt
ligands_pdbqt_diffdock/Mepindolol.pdbqt
ligands_pdbqt_diffdock/Meprednisone.pdbqt
ligands_pdbqt_diffdock/Mepyramine.pdbqt
ligands_pdbqt_diffdock/Mepyramine_maleate.pdbqt
ligands_pdbqt_diffdock/Mercaptopurine.pdbqt
ligands_pdbqt_diffdock/Merimepodib.pdbqt
ligands_pdbqt_diffdock/Meropenem.pdbqt
ligands_pdbqt_diffdock/Meropenem_vaborbactam.pdbqt
ligands_pdbqt_diffdock/Mesalazine.pdbqt
ligands_pdbqt_diffdock/Mesna.pdbqt
ligands_pdbqt_diffdock/Mestranol.pdbqt
ligands_pdbqt_diffdock/Metadoxine.pdbqt
ligands_pdbqt_diffdock/Metaproterenol_Sulfate.pdbqt
ligands_pdbqt_diffdock/Metaxalone.pdbqt
ligands_pdbqt_diffdock/Metergolin.pdbqt
ligands_pdbqt_diffdock/Methacycline.pdbqt
ligands_pdbqt_diffdock/Methadone.pdbqt
ligands_pdbqt_diffdock/Methadyl_Acetate.pdbqt
ligands_pdbqt_diffdock/Methantheline.pdbqt
ligands_pdbqt_diffdock/Metharbital.pdbqt
ligands_pdbqt_diffdock/Methazolamide.pdbqt
ligands_pdbqt_diffdock/Methohexital.pdbqt
ligands_pdbqt_diffdock/Methotrexate.pdbqt
ligands_pdbqt_diffdock/Methotrexate_Sodium.pdbqt
ligands_pdbqt_diffdock/Methoxsalen.pdbqt
ligands_pdbqt_diffdock/Methscopolamine_Bromide.pdbqt
ligands_pdbqt_diffdock/Methsuximide.pdbqt
ligands_pdbqt_diffdock/Methyclothiazide.pdbqt
ligands_pdbqt_diffdock/Methyl_aminolevulinate.pdbqt
ligands_pdbqt_diffdock/Methyldopa.pdbqt
ligands_pdbqt_diffdock/Methyldopate_Hydrochloride.pdbqt
ligands_pdbqt_diffdock/Methylene_blue.pdbqt
ligands_pdbqt_diffdock/Methylergonovine.pdbqt
ligands_pdbqt_diffdock/Methylnaltrexone_bromide.pdbqt
ligands_pdbqt_diffdock/Methylphenobarbital.pdbqt
ligands_pdbqt_diffdock/Methylprednisolone.pdbqt
ligands_pdbqt_diffdock/Methylscopolamine.pdbqt
ligands_pdbqt_diffdock/Methyltestosterone.pdbqt
ligands_pdbqt_diffdock/Methyprylon.pdbqt
ligands_pdbqt_diffdock/Methysergide.pdbqt
ligands_pdbqt_diffdock/Meticillin.pdbqt
ligands_pdbqt_diffdock/Metipranolol.pdbqt
ligands_pdbqt_diffdock/Metocurine_Iodide.pdbqt
ligands_pdbqt_diffdock/Metolazone.pdbqt
ligands_pdbqt_diffdock/Metoprolol.pdbqt
ligands_pdbqt_diffdock/Metrizamide.pdbqt
ligands_pdbqt_diffdock/Metronidazole.pdbqt
ligands_pdbqt_diffdock/Metyrapone.pdbqt
ligands_pdbqt_diffdock/Metyrosine.pdbqt
ligands_pdbqt_diffdock/Mezlocillin.pdbqt
ligands_pdbqt_diffdock/Micafungin.pdbqt
ligands_pdbqt_diffdock/Micronomicin_sulfate.pdbqt
ligands_pdbqt_diffdock/Midazolam.pdbqt
ligands_pdbqt_diffdock/Midecamycin.pdbqt
ligands_pdbqt_diffdock/Midostaurin.pdbqt
ligands_pdbqt_diffdock/Mifepristone.pdbqt
ligands_pdbqt_diffdock/Miglitol.pdbqt
ligands_pdbqt_diffdock/Miglustat.pdbqt
ligands_pdbqt_diffdock/Milnacipran.pdbqt
ligands_pdbqt_diffdock/Milrinone.pdbqt
ligands_pdbqt_diffdock/Miltefosine.pdbqt
ligands_pdbqt_diffdock/Minaprine.pdbqt
ligands_pdbqt_diffdock/Minocycline.pdbqt
ligands_pdbqt_diffdock/Minodronate.pdbqt
ligands_pdbqt_diffdock/Minoxidil.pdbqt
ligands_pdbqt_diffdock/Miokamycin.pdbqt
ligands_pdbqt_diffdock/Mirabegron.pdbqt
ligands_pdbqt_diffdock/Mirtazapine.pdbqt
ligands_pdbqt_diffdock/Mirvetuximab_soravtansine.pdbqt
ligands_pdbqt_diffdock/Misoprostol.pdbqt
ligands_pdbqt_diffdock/Mitapivat.pdbqt
ligands_pdbqt_diffdock/Mitiglinide.pdbqt
ligands_pdbqt_diffdock/Mitomycin.pdbqt
ligands_pdbqt_diffdock/Mitomycin_A.pdbqt
ligands_pdbqt_diffdock/Mitoxantrone.pdbqt
ligands_pdbqt_diffdock/Mivacurium.pdbqt
ligands_pdbqt_diffdock/Mizolastine.pdbqt
ligands_pdbqt_diffdock/Mizoribine.pdbqt
ligands_pdbqt_diffdock/Mobocertinib.pdbqt
ligands_pdbqt_diffdock/Moexipril.pdbqt
ligands_pdbqt_diffdock/Molindone.pdbqt
ligands_pdbqt_diffdock/Molsidomine.pdbqt
ligands_pdbqt_diffdock/Momelotinib.pdbqt
ligands_pdbqt_diffdock/Mometasone.pdbqt
ligands_pdbqt_diffdock/Monocrotaline.pdbqt
ligands_pdbqt_diffdock/Monoctanoin.pdbqt
ligands_pdbqt_diffdock/Montelukast.pdbqt
ligands_pdbqt_diffdock/Morantel_tartrate.pdbqt
ligands_pdbqt_diffdock/Moricizine.pdbqt
ligands_pdbqt_diffdock/Morniflumate.pdbqt
ligands_pdbqt_diffdock/Morphine.pdbqt
ligands_pdbqt_diffdock/Morrhuate_sodium.pdbqt
ligands_pdbqt_diffdock/Motexafin_gadolinium.pdbqt
ligands_pdbqt_diffdock/Moxalactam_Disodium.pdbqt
ligands_pdbqt_diffdock/Moxidectin.pdbqt
ligands_pdbqt_diffdock/Moxifloxacin.pdbqt
ligands_pdbqt_diffdock/Mozavaptan.pdbqt
ligands_pdbqt_diffdock/Mupirocin.pdbqt
ligands_pdbqt_diffdock/Mycophenolate_mofetil.pdbqt
ligands_pdbqt_diffdock/NABILONE.pdbqt
ligands_pdbqt_diffdock/NADH.pdbqt
ligands_pdbqt_diffdock/NAFTOPIDIL.pdbqt
ligands_pdbqt_diffdock/NERATINIB_MALEATE.pdbqt
ligands_pdbqt_diffdock/NERIDRONIC_ACID.pdbqt
ligands_pdbqt_diffdock/NKM.pdbqt
ligands_pdbqt_diffdock/N_Acetyl_D_glucosamine.pdbqt
ligands_pdbqt_diffdock/Nabumetone.pdbqt
ligands_pdbqt_diffdock/Nadifloxacin.pdbqt
ligands_pdbqt_diffdock/Nadolol.pdbqt
ligands_pdbqt_diffdock/Nadrolone_phenylpropionate.pdbqt
ligands_pdbqt_diffdock/Nafamostat.pdbqt
ligands_pdbqt_diffdock/Nafarelin.pdbqt
ligands_pdbqt_diffdock/Nafcillin.pdbqt
ligands_pdbqt_diffdock/Naftifine.pdbqt
ligands_pdbqt_diffdock/Nalbuphine.pdbqt
ligands_pdbqt_diffdock/Naldemedine_Tosylate.pdbqt
ligands_pdbqt_diffdock/Nalfurafine_hcl.pdbqt
ligands_pdbqt_diffdock/Nalidixic_Acid.pdbqt
ligands_pdbqt_diffdock/Nalmefene.pdbqt
ligands_pdbqt_diffdock/Naloxegol.pdbqt
ligands_pdbqt_diffdock/Naloxone.pdbqt
ligands_pdbqt_diffdock/Naltrexone.pdbqt
ligands_pdbqt_diffdock/Nandrolone.pdbqt
ligands_pdbqt_diffdock/Naproxen.pdbqt
ligands_pdbqt_diffdock/Naratriptan.pdbqt
ligands_pdbqt_diffdock/Nartograstim.pdbqt
ligands_pdbqt_diffdock/Natamycin.pdbqt
ligands_pdbqt_diffdock/Nateglinide.pdbqt
ligands_pdbqt_diffdock/Nebivolol.pdbqt
ligands_pdbqt_diffdock/Nedocromil_sodium.pdbqt
ligands_pdbqt_diffdock/Nefazodone.pdbqt
ligands_pdbqt_diffdock/Nefopam.pdbqt
ligands_pdbqt_diffdock/Nelarabine.pdbqt
ligands_pdbqt_diffdock/Nemonapride.pdbqt
ligands_pdbqt_diffdock/Nemonoxacin.pdbqt
ligands_pdbqt_diffdock/Neoandrographolide.pdbqt
ligands_pdbqt_diffdock/Nepafenac.pdbqt
ligands_pdbqt_diffdock/Netarsudil.pdbqt
ligands_pdbqt_diffdock/Netilmicin.pdbqt
ligands_pdbqt_diffdock/Nevirapine.pdbqt
ligands_pdbqt_diffdock/Nicardipine.pdbqt
ligands_pdbqt_diffdock/Nicergoline.pdbqt
ligands_pdbqt_diffdock/Nicorandil.pdbqt
ligands_pdbqt_diffdock/Nicotine.pdbqt
ligands_pdbqt_diffdock/Nifedipine.pdbqt
ligands_pdbqt_diffdock/Niflumic_Acid.pdbqt
ligands_pdbqt_diffdock/Nifurtimox.pdbqt
ligands_pdbqt_diffdock/Nifurzide.pdbqt
ligands_pdbqt_diffdock/Nilotinib.pdbqt
ligands_pdbqt_diffdock/Nilutamide.pdbqt
ligands_pdbqt_diffdock/Nimodipine.pdbqt
ligands_pdbqt_diffdock/Nipradilol.pdbqt
ligands_pdbqt_diffdock/Niraparib_Tosylate.pdbqt
ligands_pdbqt_diffdock/Nirogacestat.pdbqt
ligands_pdbqt_diffdock/Nisoldipine.pdbqt
ligands_pdbqt_diffdock/Nitazoxanide.pdbqt
ligands_pdbqt_diffdock/Nitrendipine.pdbqt
ligands_pdbqt_diffdock/Nitrofurantoin.pdbqt
ligands_pdbqt_diffdock/Nitroglycerin.pdbqt
ligands_pdbqt_diffdock/Nizatidine.pdbqt
ligands_pdbqt_diffdock/Nomegestrol_acetate.pdbqt
ligands_pdbqt_diffdock/Nonoxynol_9.pdbqt
ligands_pdbqt_diffdock/Norepinephrine.pdbqt
ligands_pdbqt_diffdock/Norethindrone.pdbqt
ligands_pdbqt_diffdock/Norfloxacin.pdbqt
ligands_pdbqt_diffdock/Norgestimate.pdbqt
ligands_pdbqt_diffdock/Nortriptyline.pdbqt
ligands_pdbqt_diffdock/Noscapine_narcotine.pdbqt
ligands_pdbqt_diffdock/Novobiocin.pdbqt
ligands_pdbqt_diffdock/Novolimus.pdbqt
ligands_pdbqt_diffdock/Nystatin.pdbqt
ligands_pdbqt_diffdock/OPC_34712.pdbqt
ligands_pdbqt_diffdock/OZ277.pdbqt
ligands_pdbqt_diffdock/Octreotide.pdbqt
ligands_pdbqt_diffdock/Odevixibat.pdbqt
ligands_pdbqt_diffdock/Oestradiol_valerate_and_dienogest.pdbqt
ligands_pdbqt_diffdock/Ofloxacin.pdbqt
ligands_pdbqt_diffdock/Olanzapine.pdbqt
ligands_pdbqt_diffdock/Olanzapine_fluoxetine_combination.pdbqt
ligands_pdbqt_diffdock/Olaparib.pdbqt
ligands_pdbqt_diffdock/Oliceridine.pdbqt
ligands_pdbqt_diffdock/Olmesartan_medoxomil.pdbqt
ligands_pdbqt_diffdock/Olodaterol.pdbqt
ligands_pdbqt_diffdock/Olopatadine.pdbqt
ligands_pdbqt_diffdock/Olprinone.pdbqt
ligands_pdbqt_diffdock/Olsalazine.pdbqt
ligands_pdbqt_diffdock/Olutasidenib.pdbqt
ligands_pdbqt_diffdock/Omacetaxine_mepesuccinate.pdbqt
ligands_pdbqt_diffdock/Omadacycline.pdbqt
ligands_pdbqt_diffdock/Omaveloxolone.pdbqt
ligands_pdbqt_diffdock/Omeprazole.pdbqt
ligands_pdbqt_diffdock/Omidenepag_isopropyl.pdbqt
ligands_pdbqt_diffdock/Ondansetron.pdbqt
ligands_pdbqt_diffdock/Opicapone.pdbqt
ligands_pdbqt_diffdock/Orlistat.pdbqt
ligands_pdbqt_diffdock/Ornidazole.pdbqt
ligands_pdbqt_diffdock/Ornoprostil.pdbqt
ligands_pdbqt_diffdock/Oseltamivir.pdbqt
ligands_pdbqt_diffdock/Osilodrostat.pdbqt
ligands_pdbqt_diffdock/Osimertinib.pdbqt
ligands_pdbqt_diffdock/Oteseconazole.pdbqt
ligands_pdbqt_diffdock/Otilonium_bromide.pdbqt
ligands_pdbqt_diffdock/Oxacillin.pdbqt
ligands_pdbqt_diffdock/Oxamniquine.pdbqt
ligands_pdbqt_diffdock/Oxandrolone.pdbqt
ligands_pdbqt_diffdock/Oxantel_pamoate.pdbqt
ligands_pdbqt_diffdock/Oxatomide.pdbqt
ligands_pdbqt_diffdock/Oxazepam.pdbqt
ligands_pdbqt_diffdock/Oxcarbazepine.pdbqt
ligands_pdbqt_diffdock/Oxidized_glutathione.pdbqt
ligands_pdbqt_diffdock/Oxilofrine.pdbqt
ligands_pdbqt_diffdock/Oxiracetam.pdbqt
ligands_pdbqt_diffdock/Oxitropium_bromide.pdbqt
ligands_pdbqt_diffdock/Oxprenolol.pdbqt
ligands_pdbqt_diffdock/Oxtriphylline.pdbqt
ligands_pdbqt_diffdock/Oxybuprocaine.pdbqt
ligands_pdbqt_diffdock/Oxybutynin_hydrochloride.pdbqt
ligands_pdbqt_diffdock/Oxycodone.pdbqt
ligands_pdbqt_diffdock/Oxymetazoline.pdbqt
ligands_pdbqt_diffdock/Oxymetholone.pdbqt
ligands_pdbqt_diffdock/Oxymorphone.pdbqt
ligands_pdbqt_diffdock/Oxyphencyclimine.pdbqt
ligands_pdbqt_diffdock/Oxyphenonium.pdbqt
ligands_pdbqt_diffdock/Oxytetracycline.pdbqt
ligands_pdbqt_diffdock/Oxytocin.pdbqt
ligands_pdbqt_diffdock/Ozanimod.pdbqt
ligands_pdbqt_diffdock/Ozenoxacin.pdbqt
ligands_pdbqt_diffdock/PF_04449913.pdbqt
ligands_pdbqt_diffdock/PF_04971729.pdbqt
ligands_pdbqt_diffdock/PITAVASTATIN_CALCIUM.pdbqt
ligands_pdbqt_diffdock/PSI_7977.pdbqt
ligands_pdbqt_diffdock/PSMA_11_Ga_68.pdbqt
ligands_pdbqt_diffdock/Pacritinib.pdbqt
ligands_pdbqt_diffdock/Palbociclib.pdbqt
ligands_pdbqt_diffdock/Paliperidone.pdbqt
ligands_pdbqt_diffdock/Palonosetron.pdbqt
ligands_pdbqt_diffdock/Palovarotene.pdbqt
ligands_pdbqt_diffdock/Pamidronate.pdbqt
ligands_pdbqt_diffdock/Pancuronium.pdbqt
ligands_pdbqt_diffdock/Panipenem.pdbqt
ligands_pdbqt_diffdock/Panobinostat.pdbqt
ligands_pdbqt_diffdock/Pantoprazole.pdbqt
ligands_pdbqt_diffdock/Pantothenic_acid.pdbqt
ligands_pdbqt_diffdock/Papaverine.pdbqt
ligands_pdbqt_diffdock/Paramethasone.pdbqt
ligands_pdbqt_diffdock/Paricalcitol.pdbqt
ligands_pdbqt_diffdock/Paromomycin.pdbqt
ligands_pdbqt_diffdock/Paroxetine.pdbqt
ligands_pdbqt_diffdock/Pasireotide.pdbqt
ligands_pdbqt_diffdock/Pazopanib_HCl.pdbqt
ligands_pdbqt_diffdock/Pefloxacin.pdbqt
ligands_pdbqt_diffdock/Pegaptanib.pdbqt
ligands_pdbqt_diffdock/Pegfilgrastim.pdbqt
ligands_pdbqt_diffdock/Pegunigalsidase_alfa.pdbqt
ligands_pdbqt_diffdock/Pegvaliase.pdbqt
ligands_pdbqt_diffdock/Pelubiprofen.pdbqt
ligands_pdbqt_diffdock/Pemafibrate.pdbqt
ligands_pdbqt_diffdock/Pemetrexed.pdbqt
ligands_pdbqt_diffdock/Pemigatinib.pdbqt
ligands_pdbqt_diffdock/Pemirolast.pdbqt
ligands_pdbqt_diffdock/Penciclovir.pdbqt
ligands_pdbqt_diffdock/Penfluridol.pdbqt
ligands_pdbqt_diffdock/Penicillin_G_Benzathine.pdbqt
ligands_pdbqt_diffdock/Penicillin_G_Procaine.pdbqt
ligands_pdbqt_diffdock/Penicillin_G_Sodium.pdbqt
ligands_pdbqt_diffdock/Penicillin_V.pdbqt
ligands_pdbqt_diffdock/Penicillin_V_Potassium.pdbqt
ligands_pdbqt_diffdock/Penicillingit.pdbqt
ligands_pdbqt_diffdock/Pentaerythritol_tetranitrate.pdbqt
ligands_pdbqt_diffdock/Pentagastrin.pdbqt
ligands_pdbqt_diffdock/Pentamidine.pdbqt
ligands_pdbqt_diffdock/Pentazocine.pdbqt
ligands_pdbqt_diffdock/Pentetate_calcium_trisodium.pdbqt
ligands_pdbqt_diffdock/Pentetate_zinc_trisodium.pdbqt
ligands_pdbqt_diffdock/Pentobarbital.pdbqt
ligands_pdbqt_diffdock/Pentolinium.pdbqt
ligands_pdbqt_diffdock/Pentosan_Polysulfate.pdbqt
ligands_pdbqt_diffdock/Pentostatin.pdbqt
ligands_pdbqt_diffdock/Pentoxifylline.pdbqt
ligands_pdbqt_diffdock/Peramivir.pdbqt
ligands_pdbqt_diffdock/Perazine.pdbqt
ligands_pdbqt_diffdock/Perchlozone.pdbqt
ligands_pdbqt_diffdock/Pergolide.pdbqt
ligands_pdbqt_diffdock/Permethrin.pdbqt
ligands_pdbqt_diffdock/Perospirone.pdbqt
ligands_pdbqt_diffdock/Perphenazine.pdbqt
ligands_pdbqt_diffdock/Pexidartinib.pdbqt
ligands_pdbqt_diffdock/Phenazopyridine.pdbqt
ligands_pdbqt_diffdock/Phendimetrazine.pdbqt
ligands_pdbqt_diffdock/Phenindione.pdbqt
ligands_pdbqt_diffdock/Phenmetrazine.pdbqt
ligands_pdbqt_diffdock/Phenobarbital.pdbqt
ligands_pdbqt_diffdock/Phenprocoumon.pdbqt
ligands_pdbqt_diffdock/Phentolamine.pdbqt
ligands_pdbqt_diffdock/Phenyl_Aminosalicylate.pdbqt
ligands_pdbqt_diffdock/Phenytoin.pdbqt
ligands_pdbqt_diffdock/Phloroglucinol.pdbqt
ligands_pdbqt_diffdock/Phosphate.pdbqt
ligands_pdbqt_diffdock/Phytonadione.pdbqt
ligands_pdbqt_diffdock/Picrotoxin.pdbqt
ligands_pdbqt_diffdock/Pilocarpine.pdbqt
ligands_pdbqt_diffdock/Pilsicainide.pdbqt
ligands_pdbqt_diffdock/Pimavanserin.pdbqt
ligands_pdbqt_diffdock/Pimecrolimus.pdbqt
ligands_pdbqt_diffdock/Pimozide.pdbqt
ligands_pdbqt_diffdock/Pinacidil.pdbqt
ligands_pdbqt_diffdock/Pioglitazone.pdbqt
ligands_pdbqt_diffdock/Pipecuronium.pdbqt
ligands_pdbqt_diffdock/Piperacetazine.pdbqt
ligands_pdbqt_diffdock/Piperacillin.pdbqt
ligands_pdbqt_diffdock/Piperaquine.pdbqt
ligands_pdbqt_diffdock/Pipobroman.pdbqt
ligands_pdbqt_diffdock/Pipotiazine.pdbqt
ligands_pdbqt_diffdock/Pirarubicin.pdbqt
ligands_pdbqt_diffdock/Pirbuterol.pdbqt
ligands_pdbqt_diffdock/Pirenzepine.pdbqt
ligands_pdbqt_diffdock/Pirfenidone.pdbqt
ligands_pdbqt_diffdock/Piritramide.pdbqt
ligands_pdbqt_diffdock/Piroxicam.pdbqt
ligands_pdbqt_diffdock/Pirtobrutinib.pdbqt
ligands_pdbqt_diffdock/Pivampicillin.pdbqt
ligands_pdbqt_diffdock/Pivmecillinam.pdbqt
ligands_pdbqt_diffdock/Pizotyline.pdbqt
ligands_pdbqt_diffdock/Plaunotol.pdbqt
ligands_pdbqt_diffdock/Plazomicin.pdbqt
ligands_pdbqt_diffdock/Plecanatide.pdbqt
ligands_pdbqt_diffdock/Plerixafor.pdbqt
ligands_pdbqt_diffdock/Plicamycin.pdbqt
ligands_pdbqt_diffdock/Podofilox.pdbqt
ligands_pdbqt_diffdock/Polaprezinc.pdbqt
ligands_pdbqt_diffdock/Polidocanol.pdbqt
ligands_pdbqt_diffdock/Polidocanol_BioForm_Medical_Chemische_Fabrik_Kreussler_Co.pdbqt
ligands_pdbqt_diffdock/Polyestradiol_Phosphate.pdbqt
ligands_pdbqt_diffdock/Polythiazide.pdbqt
ligands_pdbqt_diffdock/Pomalidomide.pdbqt
ligands_pdbqt_diffdock/Ponatinib.pdbqt
ligands_pdbqt_diffdock/Ponesimod.pdbqt
ligands_pdbqt_diffdock/Posaconazole.pdbqt
ligands_pdbqt_diffdock/Potassium_Aminosalicylate.pdbqt
ligands_pdbqt_diffdock/Potassium_Perchlorate.pdbqt
ligands_pdbqt_diffdock/Practolol.pdbqt
ligands_pdbqt_diffdock/Pralatrexate.pdbqt
ligands_pdbqt_diffdock/Pralidoxime_Chloride.pdbqt
ligands_pdbqt_diffdock/Pralsetinib.pdbqt
ligands_pdbqt_diffdock/Pramipexole.pdbqt
ligands_pdbqt_diffdock/Pramiracetam.pdbqt
ligands_pdbqt_diffdock/Pramoxine.pdbqt
ligands_pdbqt_diffdock/Pranlukast.pdbqt
ligands_pdbqt_diffdock/Prasterone.pdbqt
ligands_pdbqt_diffdock/Prasugrel.pdbqt
ligands_pdbqt_diffdock/Pravastatin.pdbqt
ligands_pdbqt_diffdock/Prazepam.pdbqt
ligands_pdbqt_diffdock/Praziquantel.pdbqt
ligands_pdbqt_diffdock/Prazosin.pdbqt
ligands_pdbqt_diffdock/Prednicarbate.pdbqt
ligands_pdbqt_diffdock/Prednimustine.pdbqt
ligands_pdbqt_diffdock/Prednisolone.pdbqt
ligands_pdbqt_diffdock/Prednisone.pdbqt
ligands_pdbqt_diffdock/Pretomanid.pdbqt
ligands_pdbqt_diffdock/Prezatide_copper_acetate.pdbqt
ligands_pdbqt_diffdock/Prifinium.pdbqt
ligands_pdbqt_diffdock/Primaquine.pdbqt
ligands_pdbqt_diffdock/Primidone.pdbqt
ligands_pdbqt_diffdock/Prinomastat.pdbqt
ligands_pdbqt_diffdock/Pristinamycin.pdbqt
ligands_pdbqt_diffdock/Probenecid.pdbqt
ligands_pdbqt_diffdock/Probucol.pdbqt
ligands_pdbqt_diffdock/Procaine.pdbqt
ligands_pdbqt_diffdock/Procarbazine.pdbqt
ligands_pdbqt_diffdock/Procaterol.pdbqt
ligands_pdbqt_diffdock/Prochlorperazine.pdbqt
ligands_pdbqt_diffdock/Progabide.pdbqt
ligands_pdbqt_diffdock/Progesterone.pdbqt
ligands_pdbqt_diffdock/Proglumetacin.pdbqt
ligands_pdbqt_diffdock/Proguanil.pdbqt
ligands_pdbqt_diffdock/Prolixin_decanoate.pdbqt
ligands_pdbqt_diffdock/Promegestone.pdbqt
ligands_pdbqt_diffdock/Promestriene.pdbqt
ligands_pdbqt_diffdock/Propantheline.pdbqt
ligands_pdbqt_diffdock/Proparacaine.pdbqt
ligands_pdbqt_diffdock/Propentofylline_propionate.pdbqt
ligands_pdbqt_diffdock/Propericiazine.pdbqt
ligands_pdbqt_diffdock/Propicillin.pdbqt
ligands_pdbqt_diffdock/Propiomazine.pdbqt
ligands_pdbqt_diffdock/Propiverine.pdbqt
ligands_pdbqt_diffdock/Propyliodone.pdbqt
ligands_pdbqt_diffdock/Propylthiouracil.pdbqt
ligands_pdbqt_diffdock/Proquazone.pdbqt
ligands_pdbqt_diffdock/Prothionamide.pdbqt
ligands_pdbqt_diffdock/Protokylol_Hydrochloride.pdbqt
ligands_pdbqt_diffdock/Protriptyline.pdbqt
ligands_pdbqt_diffdock/Prulifloxacin.pdbqt
ligands_pdbqt_diffdock/Pyrantel.pdbqt
ligands_pdbqt_diffdock/Pyridoxal_Phosphate.pdbqt
ligands_pdbqt_diffdock/Pyrimethamine.pdbqt
ligands_pdbqt_diffdock/Pyrimethamine_sulfadoxine.pdbqt
ligands_pdbqt_diffdock/Pyronaridine.pdbqt
ligands_pdbqt_diffdock/Pyrvinium.pdbqt
ligands_pdbqt_diffdock/Quercetin.pdbqt
ligands_pdbqt_diffdock/Quetiapine.pdbqt
ligands_pdbqt_diffdock/Quinagolide.pdbqt
ligands_pdbqt_diffdock/Quinapril.pdbqt
ligands_pdbqt_diffdock/Quinestrol.pdbqt
ligands_pdbqt_diffdock/Quinethazone.pdbqt
ligands_pdbqt_diffdock/Quinine.pdbqt
ligands_pdbqt_diffdock/Quinupristin.pdbqt
ligands_pdbqt_diffdock/Quizartinib.pdbqt
ligands_pdbqt_diffdock/R0_93877.pdbqt
ligands_pdbqt_diffdock/Rabeprazole.pdbqt
ligands_pdbqt_diffdock/Raloxifene.pdbqt
ligands_pdbqt_diffdock/Raltegravir.pdbqt
ligands_pdbqt_diffdock/Raltitrexed.pdbqt
ligands_pdbqt_diffdock/Ramelteon.pdbqt
ligands_pdbqt_diffdock/Ramipril.pdbqt
ligands_pdbqt_diffdock/Ramosetron.pdbqt
ligands_pdbqt_diffdock/Ranitidine.pdbqt
ligands_pdbqt_diffdock/Ranolazine.pdbqt
ligands_pdbqt_diffdock/Rapacuronium_bromide.pdbqt
ligands_pdbqt_diffdock/Rasagiline.pdbqt
ligands_pdbqt_diffdock/Reboxetine.pdbqt
ligands_pdbqt_diffdock/Regadenoson.pdbqt
ligands_pdbqt_diffdock/Regorafenib.pdbqt
ligands_pdbqt_diffdock/Relugolix.pdbqt
ligands_pdbqt_diffdock/Relvar_Breo.pdbqt
ligands_pdbqt_diffdock/Remdesivir.pdbqt
ligands_pdbqt_diffdock/Remifentanil.pdbqt
ligands_pdbqt_diffdock/Remikiren.pdbqt
ligands_pdbqt_diffdock/Remimazolam.pdbqt
ligands_pdbqt_diffdock/Repirinast.pdbqt
ligands_pdbqt_diffdock/Repotrectinib.pdbqt
ligands_pdbqt_diffdock/Rescinnamine.pdbqt
ligands_pdbqt_diffdock/Reserpine.pdbqt
ligands_pdbqt_diffdock/Retapamulin.pdbqt
ligands_pdbqt_diffdock/Retigabine.pdbqt
ligands_pdbqt_diffdock/Revefenacin.pdbqt
ligands_pdbqt_diffdock/Revolade_Promacta.pdbqt
ligands_pdbqt_diffdock/Rezafungin.pdbqt
ligands_pdbqt_diffdock/Rhucin.pdbqt
ligands_pdbqt_diffdock/Ribavirin.pdbqt
ligands_pdbqt_diffdock/Ribociclib_Succinate.pdbqt
ligands_pdbqt_diffdock/Riboflavin.pdbqt
ligands_pdbqt_diffdock/Ridogrel.pdbqt
ligands_pdbqt_diffdock/Rifampin.pdbqt
ligands_pdbqt_diffdock/Rifamycin.pdbqt
ligands_pdbqt_diffdock/Rifamycin_b.pdbqt
ligands_pdbqt_diffdock/Rifapentine.pdbqt
ligands_pdbqt_diffdock/Rifaximin.pdbqt
ligands_pdbqt_diffdock/Rilpivirine.pdbqt
ligands_pdbqt_diffdock/Rimegepant.pdbqt
ligands_pdbqt_diffdock/Rimexolone.pdbqt
ligands_pdbqt_diffdock/Rimiterol.pdbqt
ligands_pdbqt_diffdock/Riociguat.pdbqt
ligands_pdbqt_diffdock/Ripretinib.pdbqt
ligands_pdbqt_diffdock/Risdiplam.pdbqt
ligands_pdbqt_diffdock/Risedronate.pdbqt
ligands_pdbqt_diffdock/Risperidone.pdbqt
ligands_pdbqt_diffdock/Ritlecitinib.pdbqt
ligands_pdbqt_diffdock/Ritodrine.pdbqt
ligands_pdbqt_diffdock/Ritonavir.pdbqt
ligands_pdbqt_diffdock/Rivaroxaban.pdbqt
ligands_pdbqt_diffdock/Rizatriptan.pdbqt
ligands_pdbqt_diffdock/Rocuronium.pdbqt
ligands_pdbqt_diffdock/Rofecoxib.pdbqt
ligands_pdbqt_diffdock/Roflumilast.pdbqt
ligands_pdbqt_diffdock/Rolitetracycline.pdbqt
ligands_pdbqt_diffdock/Romidepsin.pdbqt
ligands_pdbqt_diffdock/Romiplostim.pdbqt
ligands_pdbqt_diffdock/Romurtide.pdbqt
ligands_pdbqt_diffdock/Ropeginterferon_alfa_2b.pdbqt
ligands_pdbqt_diffdock/Ropinirole.pdbqt
ligands_pdbqt_diffdock/Rosaprostol.pdbqt
ligands_pdbqt_diffdock/Rosaramicin.pdbqt
ligands_pdbqt_diffdock/Rose_Bengal_Sodium_I_131.pdbqt
ligands_pdbqt_diffdock/Rosiglitazone_XR.pdbqt
ligands_pdbqt_diffdock/Rosoxacin.pdbqt
ligands_pdbqt_diffdock/Rosuvastatin.pdbqt
ligands_pdbqt_diffdock/Rotenone.pdbqt
ligands_pdbqt_diffdock/Rucaparib.pdbqt
ligands_pdbqt_diffdock/Rufinamide.pdbqt
ligands_pdbqt_diffdock/Ruxolitinib.pdbqt
ligands_pdbqt_diffdock/Rv_11.pdbqt
ligands_pdbqt_diffdock/SARALASIN.pdbqt
ligands_pdbqt_diffdock/SILODOSIN.pdbqt
ligands_pdbqt_diffdock/SKI_758.pdbqt
ligands_pdbqt_diffdock/SM_101.pdbqt
ligands_pdbqt_diffdock/S_Dimethindene_maleate.pdbqt
ligands_pdbqt_diffdock/Safinamide_mesylate.pdbqt
ligands_pdbqt_diffdock/Salbutamol.pdbqt
ligands_pdbqt_diffdock/Salicin.pdbqt
ligands_pdbqt_diffdock/Salicyclic_acid.pdbqt
ligands_pdbqt_diffdock/Salmeterol.pdbqt
ligands_pdbqt_diffdock/Salsalate.pdbqt
ligands_pdbqt_diffdock/Sanguinarine.pdbqt
ligands_pdbqt_diffdock/Santonin.pdbqt
ligands_pdbqt_diffdock/Saprisartan.pdbqt
ligands_pdbqt_diffdock/Sapropterin_hydrochloride.pdbqt
ligands_pdbqt_diffdock/Saralasin_Acetate.pdbqt
ligands_pdbqt_diffdock/Sarecycline.pdbqt
ligands_pdbqt_diffdock/Saroglitazar.pdbqt
ligands_pdbqt_diffdock/Sarpogrelate.pdbqt
ligands_pdbqt_diffdock/Saxagliptin.pdbqt
ligands_pdbqt_diffdock/Schizophyllan.pdbqt
ligands_pdbqt_diffdock/Scopolamine.pdbqt
ligands_pdbqt_diffdock/Secalciferol.pdbqt
ligands_pdbqt_diffdock/Secnidazole.pdbqt
ligands_pdbqt_diffdock/Secobarbital.pdbqt
ligands_pdbqt_diffdock/Selexipag.pdbqt
ligands_pdbqt_diffdock/Selpercatinib.pdbqt
ligands_pdbqt_diffdock/Sennoside_a.pdbqt
ligands_pdbqt_diffdock/Sennoside_b.pdbqt
ligands_pdbqt_diffdock/Sertaconazole.pdbqt
ligands_pdbqt_diffdock/Setmelanotide.pdbqt
ligands_pdbqt_diffdock/Simeprevir.pdbqt
ligands_pdbqt_diffdock/Simvastatin.pdbqt
ligands_pdbqt_diffdock/Siponimod.pdbqt
ligands_pdbqt_diffdock/Sirolimus.pdbqt
ligands_pdbqt_diffdock/Sitagliptin.pdbqt
ligands_pdbqt_diffdock/Sitosterol.pdbqt
ligands_pdbqt_diffdock/Sodium_Succinate.pdbqt
ligands_pdbqt_diffdock/Sodium_Tetradecyl_Sulfate.pdbqt
ligands_pdbqt_diffdock/Sodium_ferric_gluconate_complex.pdbqt
ligands_pdbqt_diffdock/Sodium_lauryl_sulfate.pdbqt
ligands_pdbqt_diffdock/Sodium_nitrite.pdbqt
ligands_pdbqt_diffdock/Sodium_nitroprusside.pdbqt
ligands_pdbqt_diffdock/Sodium_phenylbutyrate.pdbqt
ligands_pdbqt_diffdock/Sodium_salicylate.pdbqt
ligands_pdbqt_diffdock/Sodium_zirconium_cyclosilicate.pdbqt
ligands_pdbqt_diffdock/Sofalcone.pdbqt
ligands_pdbqt_diffdock/Solamargine.pdbqt
ligands_pdbqt_diffdock/Somatrem.pdbqt
ligands_pdbqt_diffdock/Sorafenib.pdbqt
ligands_pdbqt_diffdock/Sorbitol.pdbqt
ligands_pdbqt_diffdock/Sorivudine.pdbqt
ligands_pdbqt_diffdock/Sotagliflozin.pdbqt
ligands_pdbqt_diffdock/Sotalol.pdbqt
ligands_pdbqt_diffdock/Sotorasib.pdbqt
ligands_pdbqt_diffdock/Sparfloxacin.pdbqt
ligands_pdbqt_diffdock/Sparsentan.pdbqt
ligands_pdbqt_diffdock/Spectinomycin.pdbqt
ligands_pdbqt_diffdock/Spinosad.pdbqt
ligands_pdbqt_diffdock/Spiramycin.pdbqt
ligands_pdbqt_diffdock/Spirapril.pdbqt
ligands_pdbqt_diffdock/Spironolactone.pdbqt
ligands_pdbqt_diffdock/Stanozolol.pdbqt
ligands_pdbqt_diffdock/Stavudine.pdbqt
ligands_pdbqt_diffdock/Stevioside.pdbqt
ligands_pdbqt_diffdock/Stiripentol.pdbqt
ligands_pdbqt_diffdock/Streptomycin.pdbqt
ligands_pdbqt_diffdock/Streptozocin.pdbqt
ligands_pdbqt_diffdock/Strontium_ranelate.pdbqt
ligands_pdbqt_diffdock/Succinic_acid.pdbqt
ligands_pdbqt_diffdock/Succinylcholine.pdbqt
ligands_pdbqt_diffdock/Sucralfate.pdbqt
ligands_pdbqt_diffdock/Sufentanil.pdbqt
ligands_pdbqt_diffdock/Sulbactam_sodium.pdbqt
ligands_pdbqt_diffdock/Sulfacytine.pdbqt
ligands_pdbqt_diffdock/Sulfadiazine.pdbqt
ligands_pdbqt_diffdock/Sulfamerazine.pdbqt
ligands_pdbqt_diffdock/Sulfameter.pdbqt
ligands_pdbqt_diffdock/Sulfamethazine.pdbqt
ligands_pdbqt_diffdock/Sulfamethizole.pdbqt
ligands_pdbqt_diffdock/Sulfamethoxazole.pdbqt
ligands_pdbqt_diffdock/Sulfamylon.pdbqt
ligands_pdbqt_diffdock/Sulfaphenazole.pdbqt
ligands_pdbqt_diffdock/Sulfapyridine.pdbqt
ligands_pdbqt_diffdock/Sulfasalazine.pdbqt
ligands_pdbqt_diffdock/Sulfinpyrazone.pdbqt
ligands_pdbqt_diffdock/Sulfisoxazole.pdbqt
ligands_pdbqt_diffdock/Sulfonamides.pdbqt
ligands_pdbqt_diffdock/Sulfoxone.pdbqt
ligands_pdbqt_diffdock/Sulindac.pdbqt
ligands_pdbqt_diffdock/Sulodexide.pdbqt
ligands_pdbqt_diffdock/Sulphadoxine.pdbqt
ligands_pdbqt_diffdock/Sulpiride.pdbqt
ligands_pdbqt_diffdock/Sulprostone.pdbqt
ligands_pdbqt_diffdock/Sultamicillin_tosilate.pdbqt
ligands_pdbqt_diffdock/Sumatriptan.pdbqt
ligands_pdbqt_diffdock/Sunitinib.pdbqt
ligands_pdbqt_diffdock/Suplatast_tosilate.pdbqt
ligands_pdbqt_diffdock/Suprofen.pdbqt
ligands_pdbqt_diffdock/Suvorexant.pdbqt
ligands_pdbqt_diffdock/Symbicort.pdbqt
ligands_pdbqt_diffdock/TECFIDERA.pdbqt
ligands_pdbqt_diffdock/TERTATOLOL.pdbqt
ligands_pdbqt_diffdock/THIOCOLCHICOSIDE.pdbqt
ligands_pdbqt_diffdock/TOCOTRIENOL.pdbqt
ligands_pdbqt_diffdock/TP_434.pdbqt
ligands_pdbqt_diffdock/Tacalcitol.pdbqt
ligands_pdbqt_diffdock/Tacrolimus.pdbqt
ligands_pdbqt_diffdock/Tadalafil.pdbqt
ligands_pdbqt_diffdock/Tafamidis_meglumine.pdbqt
ligands_pdbqt_diffdock/Tafenoquine.pdbqt
ligands_pdbqt_diffdock/Tafluprost.pdbqt
ligands_pdbqt_diffdock/Talaporfin.pdbqt
ligands_pdbqt_diffdock/Talazoparib.pdbqt
ligands_pdbqt_diffdock/Talbutal.pdbqt
ligands_pdbqt_diffdock/Talc.pdbqt
ligands_pdbqt_diffdock/Taltirelin.pdbqt
ligands_pdbqt_diffdock/Tamoxifen.pdbqt
ligands_pdbqt_diffdock/Tamsulosin.pdbqt
ligands_pdbqt_diffdock/Tandospirone.pdbqt
ligands_pdbqt_diffdock/Tapentadol_hydrochloride.pdbqt
ligands_pdbqt_diffdock/Tapinarof.pdbqt
ligands_pdbqt_diffdock/Tasimelteon.pdbqt
ligands_pdbqt_diffdock/Tasosartan.pdbqt
ligands_pdbqt_diffdock/Taxol.pdbqt
ligands_pdbqt_diffdock/Tazarotene.pdbqt
ligands_pdbqt_diffdock/Tazemetostat.pdbqt
ligands_pdbqt_diffdock/Tazobactam.pdbqt
ligands_pdbqt_diffdock/Tebipenem_pivoxil.pdbqt
ligands_pdbqt_diffdock/Technetium_99m_Tc_bicisate.pdbqt
ligands_pdbqt_diffdock/Technetium_TC_99M_medronate.pdbqt
ligands_pdbqt_diffdock/Technetium_Tc_99m_Depreotide.pdbqt
ligands_pdbqt_diffdock/Technetium_Tc_99m_Etidronate_Kit.pdbqt
ligands_pdbqt_diffdock/Technetium_Tc_99m_Mebrofenin_Kit.pdbqt
ligands_pdbqt_diffdock/Technetium_Tc_99m_Oxidronate_Kit.pdbqt
ligands_pdbqt_diffdock/Technetium_Tc_99m_Pentetate_Kit.pdbqt
ligands_pdbqt_diffdock/Tecovirimat.pdbqt
ligands_pdbqt_diffdock/Tedizolid.pdbqt
ligands_pdbqt_diffdock/Tegafur.pdbqt
ligands_pdbqt_diffdock/Tegaserod.pdbqt
ligands_pdbqt_diffdock/Teicoplanin.pdbqt
ligands_pdbqt_diffdock/Telbivudine.pdbqt
ligands_pdbqt_diffdock/Telithromycin.pdbqt
ligands_pdbqt_diffdock/Telmisartan.pdbqt
ligands_pdbqt_diffdock/Telotristat_ethyl.pdbqt
ligands_pdbqt_diffdock/Temocapril_hydrochloride.pdbqt
ligands_pdbqt_diffdock/Temocillin_disodium.pdbqt
ligands_pdbqt_diffdock/Temozolomide.pdbqt
ligands_pdbqt_diffdock/Temsirolimus.pdbqt
ligands_pdbqt_diffdock/Tenapanor.pdbqt
ligands_pdbqt_diffdock/Teniposide.pdbqt
ligands_pdbqt_diffdock/Tenofovir.pdbqt
ligands_pdbqt_diffdock/Tenofovir_disoproxil_fumarate.pdbqt
ligands_pdbqt_diffdock/Tenoxicam.pdbqt
ligands_pdbqt_diffdock/Tepotinib.pdbqt
ligands_pdbqt_diffdock/Teprenone.pdbqt
ligands_pdbqt_diffdock/Terazosin.pdbqt
ligands_pdbqt_diffdock/Terbutaline.pdbqt
ligands_pdbqt_diffdock/Terconazole.pdbqt
ligands_pdbqt_diffdock/Teriflunomide.pdbqt
ligands_pdbqt_diffdock/Terlipressin.pdbqt
ligands_pdbqt_diffdock/Terpin_hydrate.pdbqt
ligands_pdbqt_diffdock/Testolactone.pdbqt
ligands_pdbqt_diffdock/Testosterone.pdbqt
ligands_pdbqt_diffdock/Testosterone_undecanoate.pdbqt
ligands_pdbqt_diffdock/Tetrabenazine.pdbqt
ligands_pdbqt_diffdock/Tetracaine.pdbqt
ligands_pdbqt_diffdock/Tetracycline.pdbqt
ligands_pdbqt_diffdock/Tetrahydrobiopterin.pdbqt
ligands_pdbqt_diffdock/Tetrahydrofolic_acid.pdbqt
ligands_pdbqt_diffdock/Tetrodotoxin.pdbqt
ligands_pdbqt_diffdock/Tezacaftor_and_ivacaftor.pdbqt
ligands_pdbqt_diffdock/Thalidomide.pdbqt
ligands_pdbqt_diffdock/Theobromine.pdbqt
ligands_pdbqt_diffdock/Theophylline.pdbqt
ligands_pdbqt_diffdock/Thiacetazone.pdbqt
ligands_pdbqt_diffdock/Thiamine_Hydrochloride.pdbqt
ligands_pdbqt_diffdock/Thiamphenicol.pdbqt
ligands_pdbqt_diffdock/Thiamylal.pdbqt
ligands_pdbqt_diffdock/Thiethylperazine.pdbqt
ligands_pdbqt_diffdock/Thiopental.pdbqt
ligands_pdbqt_diffdock/Thiothixene.pdbqt
ligands_pdbqt_diffdock/Thymopentin.pdbqt
ligands_pdbqt_diffdock/Tiagabine.pdbqt
ligands_pdbqt_diffdock/Tianeptine.pdbqt
ligands_pdbqt_diffdock/Tiapride.pdbqt
ligands_pdbqt_diffdock/Tiaprofenic_acid.pdbqt
ligands_pdbqt_diffdock/Tiazofurin.pdbqt
ligands_pdbqt_diffdock/Tibolone.pdbqt
ligands_pdbqt_diffdock/Ticarcillin.pdbqt
ligands_pdbqt_diffdock/Tigecycline.pdbqt
ligands_pdbqt_diffdock/Tilidine.pdbqt
ligands_pdbqt_diffdock/Tiludronic_acid.pdbqt
ligands_pdbqt_diffdock/Timolol.pdbqt
ligands_pdbqt_diffdock/Tindamax.pdbqt
ligands_pdbqt_diffdock/Tiotropium.pdbqt
ligands_pdbqt_diffdock/Tipranavir.pdbqt
ligands_pdbqt_diffdock/Tirbanibulin.pdbqt
ligands_pdbqt_diffdock/Tirilazad_mesylate.pdbqt
ligands_pdbqt_diffdock/Tirofiban.pdbqt
ligands_pdbqt_diffdock/Tiropramide.pdbqt
ligands_pdbqt_diffdock/Tivozanib.pdbqt
ligands_pdbqt_diffdock/Tobramycin.pdbqt
ligands_pdbqt_diffdock/Tofacitinib.pdbqt
ligands_pdbqt_diffdock/Tofogliflozin.pdbqt
ligands_pdbqt_diffdock/Tolcapone.pdbqt
ligands_pdbqt_diffdock/Tolmetin.pdbqt
ligands_pdbqt_diffdock/Tolnaftate.pdbqt
ligands_pdbqt_diffdock/Tolonium_chloride.pdbqt
ligands_pdbqt_diffdock/Tolperisone.pdbqt
ligands_pdbqt_diffdock/Tolvaptan.pdbqt
ligands_pdbqt_diffdock/Topetecan.pdbqt
ligands_pdbqt_diffdock/Topiramate.pdbqt
ligands_pdbqt_diffdock/Topotecan.pdbqt
ligands_pdbqt_diffdock/Torasemide.pdbqt
ligands_pdbqt_diffdock/Trabectedin.pdbqt
ligands_pdbqt_diffdock/Trametinib.pdbqt
ligands_pdbqt_diffdock/Trandolapril.pdbqt
ligands_pdbqt_diffdock/Tranilast.pdbqt
ligands_pdbqt_diffdock/Travoprost.pdbqt
ligands_pdbqt_diffdock/Trazodone.pdbqt
ligands_pdbqt_diffdock/Treprostinil.pdbqt
ligands_pdbqt_diffdock/Tretinoin.pdbqt
ligands_pdbqt_diffdock/Treximet.pdbqt
ligands_pdbqt_diffdock/Triamcinolone.pdbqt
ligands_pdbqt_diffdock/Triamterene.pdbqt
ligands_pdbqt_diffdock/Triazolam.pdbqt
ligands_pdbqt_diffdock/Trichlormethiazide.pdbqt
ligands_pdbqt_diffdock/Tridihexethyl.pdbqt
ligands_pdbqt_diffdock/Trifarotene.pdbqt
ligands_pdbqt_diffdock/Trifluridine.pdbqt
ligands_pdbqt_diffdock/Triheptanoin.pdbqt
ligands_pdbqt_diffdock/Trihexyphenidyl.pdbqt
ligands_pdbqt_diffdock/Trilaciclib.pdbqt
ligands_pdbqt_diffdock/Trilostane.pdbqt
ligands_pdbqt_diffdock/Trimazosin.pdbqt
ligands_pdbqt_diffdock/Trimebutine.pdbqt
ligands_pdbqt_diffdock/Trimegestone.pdbqt
ligands_pdbqt_diffdock/Trimetazidine.pdbqt
ligands_pdbqt_diffdock/Trimethadione.pdbqt
ligands_pdbqt_diffdock/Trimethobenzamide.pdbqt
ligands_pdbqt_diffdock/Trimethoprim.pdbqt
ligands_pdbqt_diffdock/Trimetrexate.pdbqt
ligands_pdbqt_diffdock/Trioxsalen.pdbqt
ligands_pdbqt_diffdock/Triptorelin.pdbqt
ligands_pdbqt_diffdock/Trofinetide.pdbqt
ligands_pdbqt_diffdock/Trofosfamide.pdbqt
ligands_pdbqt_diffdock/Troglitazone.pdbqt
ligands_pdbqt_diffdock/Trolamine_salicylate.pdbqt
ligands_pdbqt_diffdock/Troleandomycin.pdbqt
ligands_pdbqt_diffdock/Tropicamide.pdbqt
ligands_pdbqt_diffdock/Tropisetron.pdbqt
ligands_pdbqt_diffdock/Trospium.pdbqt
ligands_pdbqt_diffdock/Trospium_chloride.pdbqt
ligands_pdbqt_diffdock/Trovafloxacin.pdbqt
ligands_pdbqt_diffdock/Tubocurarine.pdbqt
ligands_pdbqt_diffdock/Tucatinib.pdbqt
ligands_pdbqt_diffdock/Tyropanoate_sodium.pdbqt
ligands_pdbqt_diffdock/UFT.pdbqt
ligands_pdbqt_diffdock/Ubrogepant.pdbqt
ligands_pdbqt_diffdock/Udenafil.pdbqt
ligands_pdbqt_diffdock/Ulipristal.pdbqt
ligands_pdbqt_diffdock/Umbralisib.pdbqt
ligands_pdbqt_diffdock/Umeclidinium.pdbqt
ligands_pdbqt_diffdock/Undecylenic_acid.pdbqt
ligands_pdbqt_diffdock/Unoprostone.pdbqt
ligands_pdbqt_diffdock/Unoprostone_isopropyl_ester.pdbqt
ligands_pdbqt_diffdock/Upadacitinib.pdbqt
ligands_pdbqt_diffdock/Uracil_mustard.pdbqt
ligands_pdbqt_diffdock/Urapidil.pdbqt
ligands_pdbqt_diffdock/Uridine.pdbqt
ligands_pdbqt_diffdock/Uridine_triacetate.pdbqt
ligands_pdbqt_diffdock/Urofollitropin.pdbqt
ligands_pdbqt_diffdock/Ursodeoxycholic_acid.pdbqt
ligands_pdbqt_diffdock/VESNARINONE.pdbqt
ligands_pdbqt_diffdock/VIT_45.pdbqt
ligands_pdbqt_diffdock/Valaciclovir.pdbqt
ligands_pdbqt_diffdock/Valacyclovir_Hydrochloride.pdbqt
ligands_pdbqt_diffdock/Valbenazine_Tosylate.pdbqt
ligands_pdbqt_diffdock/Valdecoxib.pdbqt
ligands_pdbqt_diffdock/Valganciclovir.pdbqt
ligands_pdbqt_diffdock/Valrubicin.pdbqt
ligands_pdbqt_diffdock/Valsartan.pdbqt
ligands_pdbqt_diffdock/Vamorolone.pdbqt
ligands_pdbqt_diffdock/Vandetanib.pdbqt
ligands_pdbqt_diffdock/Vapreotide_acetate.pdbqt
ligands_pdbqt_diffdock/Vardenafil.pdbqt
ligands_pdbqt_diffdock/Varenicline.pdbqt
ligands_pdbqt_diffdock/Vasicine.pdbqt
ligands_pdbqt_diffdock/Vasopressin.pdbqt
ligands_pdbqt_diffdock/Vecuronium.pdbqt
ligands_pdbqt_diffdock/Vemurafenib.pdbqt
ligands_pdbqt_diffdock/Venlafaxine.pdbqt
ligands_pdbqt_diffdock/Verapamil.pdbqt
ligands_pdbqt_diffdock/Vericiguat.pdbqt
ligands_pdbqt_diffdock/Verteporfin.pdbqt
ligands_pdbqt_diffdock/Vibegron.pdbqt
ligands_pdbqt_diffdock/Vidarabine.pdbqt
ligands_pdbqt_diffdock/Vilanterol.pdbqt
ligands_pdbqt_diffdock/Vilazodone.pdbqt
ligands_pdbqt_diffdock/Vildagliptin.pdbqt
ligands_pdbqt_diffdock/Viloxazine.pdbqt
ligands_pdbqt_diffdock/Vinblastine.pdbqt
ligands_pdbqt_diffdock/Vincristine.pdbqt
ligands_pdbqt_diffdock/Vindesine.pdbqt
ligands_pdbqt_diffdock/Vinorelbine.pdbqt
ligands_pdbqt_diffdock/Viomycin_sulfate.pdbqt
ligands_pdbqt_diffdock/Virginiamycin.pdbqt
ligands_pdbqt_diffdock/Vismodegib.pdbqt
ligands_pdbqt_diffdock/Vitamin_A.pdbqt
ligands_pdbqt_diffdock/Vitamin_B1.pdbqt
ligands_pdbqt_diffdock/Vitamin_B3.pdbqt
ligands_pdbqt_diffdock/Vitamin_B6.pdbqt
ligands_pdbqt_diffdock/Vitamin_E.pdbqt
ligands_pdbqt_diffdock/Voclosporin.pdbqt
ligands_pdbqt_diffdock/Voglibose.pdbqt
ligands_pdbqt_diffdock/Vonoprazan.pdbqt
ligands_pdbqt_diffdock/Vorapaxar.pdbqt
ligands_pdbqt_diffdock/Voriconazole.pdbqt
ligands_pdbqt_diffdock/Vorinostat.pdbqt
ligands_pdbqt_diffdock/Voxelotor.pdbqt
ligands_pdbqt_diffdock/Warfarin.pdbqt
ligands_pdbqt_diffdock/Xatral.pdbqt
ligands_pdbqt_diffdock/Ximelegatran.pdbqt
ligands_pdbqt_diffdock/Xipamide.pdbqt
ligands_pdbqt_diffdock/YM443.pdbqt
ligands_pdbqt_diffdock/YN_968D1.pdbqt
ligands_pdbqt_diffdock/Y_25130.pdbqt
ligands_pdbqt_diffdock/Yohimbine.pdbqt
ligands_pdbqt_diffdock/Zafirlukast.pdbqt
ligands_pdbqt_diffdock/Zalcitabine.pdbqt
ligands_pdbqt_diffdock/Zaleplon.pdbqt
ligands_pdbqt_diffdock/Zanamivir.pdbqt
ligands_pdbqt_diffdock/Zanubrutinib.pdbqt
ligands_pdbqt_diffdock/Zavegepant.pdbqt
ligands_pdbqt_diffdock/Zidovudine.pdbqt
ligands_pdbqt_diffdock/Zileuton.pdbqt
ligands_pdbqt_diffdock/Zinc_hyaluronate.pdbqt
ligands_pdbqt_diffdock/Zinforo.pdbqt
ligands_pdbqt_diffdock/Zipeprol.pdbqt
ligands_pdbqt_diffdock/Ziprasidone.pdbqt
ligands_pdbqt_diffdock/Zithromax.pdbqt
ligands_pdbqt_diffdock/Zoledronate.pdbqt
ligands_pdbqt_diffdock/Zolmitriptan.pdbqt
ligands_pdbqt_diffdock/Zolpidem.pdbqt
ligands_pdbqt_diffdock/Zonisamide.pdbqt
ligands_pdbqt_diffdock/Zopiclone.pdbqt
ligands_pdbqt_diffdock/Zotarolimus.pdbqt
ligands_pdbqt_diffdock/Zucapsacin.pdbqt
ligands_pdbqt_diffdock/Zuclopenthixol.pdbqt
ligands_pdbqt_diffdock/Zuranolone.pdbqt
ligands_pdbqt_diffdock/cortisone.pdbqt
ligands_pdbqt_diffdock/crisaborole.pdbqt
ligands_pdbqt_diffdock/lifitegrast.pdbqt
ligands_pdbqt_diffdock/lumateperone_tosylate.pdbqt
ligands_pdbqt_diffdock/obeticholic_acid.pdbqt
ligands_pdbqt_diffdock/protirelin.pdbqt
ligands_pdbqt_diffdock/tetrahydropalmatine.pdbqt
